<html>
<body>
<pre>
<h1>µVision Build Log</h1>
<h2>Tool Versions:</h2>
IDE-Version: µVision V5.35.0.0
Copyright (C) 2021 ARM Ltd and ARM Germany GmbH. All rights reserved.
License Information: Alex Klim, None, LIC=----
 
Tool Versions:
Toolchain:       MDK-Lite  Version: 5.35.0.2
Toolchain Path:  D:\Keil_v5\ARM\ARMCC\Bin
C Compiler:      Armcc.exe V5.06 update 7 (build 960)
Assembler:       Armasm.exe V5.06 update 7 (build 960)
Linker/Locator:  ArmLink.exe V5.06 update 7 (build 960)
Library Manager: ArmAr.exe V5.06 update 7 (build 960)
Hex Converter:   FromElf.exe V5.06 update 7 (build 960)
CPU DLL:         SARMCM3.DLL V5.35.0.2
Dialog DLL:      DCM.DLL V1.17.3.0
Target DLL:      STLink\ST-LINKIII-KEIL_SWO.dll V3.0.9.0
Dialog DLL:      TCM.DLL V1.53.0.0
 
<h2>Project:</h2>
X:\Workspaces\Keil\KickScooter\KickScooter.uvprojx
Project File Date:  08/25/2021

<h2>Output:</h2>
*** Using Compiler 'V5.06 update 7 (build 960)', folder: 'D:\Keil_v5\ARM\ARMCC\Bin'
Build target 'GreenBytes'
compiling main.c...
compiling bldc.c...
compiling framework.c...
src\framework\framework.c(33): warning:  #186-D: pointless comparison of unsigned integer with zero
  	if (PIN >= PA0 && PIN <= PA15) return GPIOA;
src\framework\framework.c: 1 warning, 0 errors
linking...
Program Size: Code=13048 RO-data=404 RW-data=36 ZI-data=2236  
FromELF: creating hex file...
".\Objects\KickScooter.axf" - 0 Error(s), 1 Warning(s).

<h2>Software Packages used:</h2>

Package Vendor: ARM
                http://www.keil.com/pack/ARM.CMSIS.5.8.0.pack
                ARM.CMSIS.5.8.0
                CMSIS (Common Microcontroller Software Interface Standard)
   * Component: CORE Version: 5.5.0

Package Vendor: GigaDevice
                http://gd32mcu.com/data/documents/pack/GigaDevice.GD32F1x0_DFP.3.2.0.pack
                GigaDevice.GD32F1x0_DFP.3.2.0
                GigaDevice GD32F1x0 Series Device Support and Examples
   * Component: ADC Version: 3.2.0
   * Component: DMA Version: 3.2.0
   * Component: FWDGT Version: 3.2.0
   * Component: GPIO Version: 3.2.0
   * Component: MCUDBG Version: 3.2.0
   * Component: MISC Version: 3.2.0
   * Component: OPA Version: 3.2.0
   * Component: PMU Version: 3.2.0
   * Component: RCU Version: 3.2.0
   * Component: SYSCFG Version: 3.2.0
   * Component: TIMER Version: 3.2.0
   * Component: WWDGT Version: 3.2.0
   * Component: GD32F1x0_libopt Version: 3.2.0
   * Component: Startup Version: 3.2.0

<h2>Collection of Component include folders:</h2>
  .\RTE\_GreenBytes
  D:\Keil_v5\ARM\CMSIS\5.8.0\CMSIS\Core\Include
  D:\Keil_v5\GigaDevice\GD32F1x0_DFP\3.2.0\Device\Firmware\Peripherals\inc
  D:\Keil_v5\GigaDevice\GD32F1x0_DFP\3.2.0\Device\Include

<h2>Collection of Component Files used:</h2>

   * Component: ARM::CMSIS:CORE:5.5.0

   * Component: GigaDevice::Device:GD32F1x0_StdPeripherals:ADC:3.2.0
      Include file:  Device\Firmware\Peripherals\inc\gd32f1x0_adc.h
      Source file:   Device\Firmware\Peripherals\src\gd32f1x0_adc.c

   * Component: GigaDevice::Device:GD32F1x0_StdPeripherals:DMA:3.2.0
      Include file:  Device\Firmware\Peripherals\inc\gd32f1x0_dma.h
      Source file:   Device\Firmware\Peripherals\src\gd32f1x0_dma.c

   * Component: GigaDevice::Device:GD32F1x0_StdPeripherals:FWDGT:3.2.0
      Source file:   Device\Firmware\Peripherals\src\gd32f1x0_fwdgt.c
      Include file:  Device\Firmware\Peripherals\inc\gd32f1x0_fwdgt.h

   * Component: GigaDevice::Device:GD32F1x0_StdPeripherals:GPIO:3.2.0
      Source file:   Device\Firmware\Peripherals\src\gd32f1x0_gpio.c
      Include file:  Device\Firmware\Peripherals\inc\gd32f1x0_gpio.h

   * Component: GigaDevice::Device:GD32F1x0_StdPeripherals:MCUDBG:3.2.0
      Source file:   Device\Firmware\Peripherals\src\gd32f1x0_dbg.c
      Include file:  Device\Firmware\Peripherals\inc\gd32f1x0_dbg.h

   * Component: GigaDevice::Device:GD32F1x0_StdPeripherals:MISC:3.2.0
      Source file:   Device\Firmware\Peripherals\src\gd32f1x0_misc.c
      Include file:  Device\Firmware\Peripherals\inc\gd32f1x0_misc.h

   * Component: GigaDevice::Device:GD32F1x0_StdPeripherals:OPA:3.2.0
      Source file:   Device\Firmware\Peripherals\src\gd32f1x0_opa.c
      Include file:  Device\Firmware\Peripherals\inc\gd32f1x0_opa.h

   * Component: GigaDevice::Device:GD32F1x0_StdPeripherals:PMU:3.2.0
      Include file:  Device\Firmware\Peripherals\inc\gd32f1x0_pmu.h
      Source file:   Device\Firmware\Peripherals\src\gd32f1x0_pmu.c

   * Component: GigaDevice::Device:GD32F1x0_StdPeripherals:RCU:3.2.0
      Include file:  Device\Firmware\Peripherals\inc\gd32f1x0_rcu.h
      Source file:   Device\Firmware\Peripherals\src\gd32f1x0_rcu.c

   * Component: GigaDevice::Device:GD32F1x0_StdPeripherals:SYSCFG:3.2.0
      Include file:  Device\Firmware\Peripherals\inc\gd32f1x0_syscfg.h
      Source file:   Device\Firmware\Peripherals\src\gd32f1x0_syscfg.c

   * Component: GigaDevice::Device:GD32F1x0_StdPeripherals:TIMER:3.2.0
      Include file:  Device\Firmware\Peripherals\inc\gd32f1x0_timer.h
      Source file:   Device\Firmware\Peripherals\src\gd32f1x0_timer.c

   * Component: GigaDevice::Device:GD32F1x0_StdPeripherals:WWDGT:3.2.0
      Include file:  Device\Firmware\Peripherals\inc\gd32f1x0_wwdgt.h
      Source file:   Device\Firmware\Peripherals\src\gd32f1x0_wwdgt.c

   * Component: GigaDevice::Device:GD32F1x0_libopt:3.2.0
      Include file:  Device\Include\gd32f1x0_libopt.h

   * Component: GigaDevice::Device:Startup:3.2.0
      Source file:   Device\Source\startup_gd32f1x0.s
      Include file:  Device\Include\gd32f1x0.h
      Source file:   Device\Source\system_gd32f1x0.c
Build Time Elapsed:  00:00:03
</pre>
</body>
</html>
