Component: ARM Compiler 5.06 update 7 (build 960) Tool: armlink [4d3601]

==============================================================================

Section Cross References

    main.o(.text) refers to framework.o(.text) for fw_init
    main.o(.text) refers to bldc.o(.text) for engineMode
    main.o(.text) refers to gd32f1x0_adc.o(.text) for adc_software_trigger_enable
    main.o(.text) refers to gd32f1x0_timer.o(.text) for timer_interrupt_flag_clear
    bldc.o(.text) refers to gd32f1x0_timer.o(.text) for timer_automatic_output_disable
    bldc.o(.text) refers to framework.o(.text) for getPin
    bldc.o(.text) refers to gd32f1x0_gpio.o(.text) for gpio_input_bit_get
    bldc.o(.text) refers to bldc.o(i.enginePOV) for enginePOV
    bldc.o(.text) refers to bldc.o(.data) for bldc_enable
    bldc.o(.text) refers to bldc.o(.constdata) for hall_to_pos
    framework.o(.text) refers to gd32f1x0_gpio.o(.text) for gpio_mode_set
    framework.o(.text) refers to gd32f1x0_adc.o(.text) for adc_regular_channel_config
    framework.o(.text) refers to gd32f1x0_fwdgt.o(.text) for fwdgt_counter_reload
    framework.o(.text) refers to gd32f1x0_rcu.o(.text) for rcu_flag_get
    framework.o(.text) refers to system_gd32f1x0.o(.text) for SystemCoreClockUpdate
    framework.o(.text) refers to gd32f1x0_misc.o(.text) for nvic_priority_group_set
    framework.o(.text) refers to framework.o(.data) for msTicks
    framework.o(.text) refers to system_gd32f1x0.o(.data) for SystemCoreClock
    framework.o(.text) refers to gd32f1x0_dma.o(.text) for dma_deinit
    framework.o(.text) refers to gd32f1x0_timer.o(.text) for timer_deinit
    framework.o(.text) refers to framework.o(.bss) for dma_init_struct_adc
    gd32f1x0_adc.o(.text) refers to gd32f1x0_rcu.o(.text) for rcu_periph_reset_enable
    gd32f1x0_gpio.o(.text) refers to gd32f1x0_rcu.o(.text) for rcu_periph_reset_enable
    gd32f1x0_pmu.o(.text) refers to gd32f1x0_rcu.o(.text) for rcu_periph_reset_enable
    gd32f1x0_pmu.o(.text) refers to gd32f1x0_pmu.o(.bss) for reg_snap
    gd32f1x0_syscfg.o(.text) refers to gd32f1x0_rcu.o(.text) for rcu_periph_reset_enable
    gd32f1x0_timer.o(.text) refers to gd32f1x0_rcu.o(.text) for rcu_periph_reset_enable
    gd32f1x0_wwdgt.o(.text) refers to gd32f1x0_rcu.o(.text) for rcu_periph_reset_enable
    startup_gd32f1x0.o(STACK) refers (Special) to heapauxi.o(.text) for __use_two_region_memory
    startup_gd32f1x0.o(HEAP) refers (Special) to heapauxi.o(.text) for __use_two_region_memory
    startup_gd32f1x0.o(RESET) refers (Special) to heapauxi.o(.text) for __use_two_region_memory
    startup_gd32f1x0.o(RESET) refers to startup_gd32f1x0.o(STACK) for __initial_sp
    startup_gd32f1x0.o(RESET) refers to startup_gd32f1x0.o(.text) for Reset_Handler
    startup_gd32f1x0.o(RESET) refers to framework.o(.text) for SysTick_Handler
    startup_gd32f1x0.o(RESET) refers to main.o(.text) for TIMER0_BRK_UP_TRG_COM_IRQHandler
    startup_gd32f1x0.o(.text) refers (Special) to heapauxi.o(.text) for __use_two_region_memory
    startup_gd32f1x0.o(.text) refers to system_gd32f1x0.o(.text) for SystemInit
    startup_gd32f1x0.o(.text) refers to __main.o(!!!main) for __main
    startup_gd32f1x0.o(.text) refers to startup_gd32f1x0.o(HEAP) for Heap_Mem
    startup_gd32f1x0.o(.text) refers to startup_gd32f1x0.o(STACK) for Stack_Mem
    system_gd32f1x0.o(.text) refers to system_gd32f1x0.o(.data) for SystemCoreClock
    __main.o(!!!main) refers to __rtentry.o(.ARM.Collect$$rtentry$$00000000) for __rt_entry
    __rtentry.o(.ARM.Collect$$rtentry$$00000000) refers (Special) to __rtentry2.o(.ARM.Collect$$rtentry$$0000000A) for __rt_entry_li
    __rtentry.o(.ARM.Collect$$rtentry$$00000000) refers (Special) to __rtentry2.o(.ARM.Collect$$rtentry$$0000000D) for __rt_entry_main
    __rtentry.o(.ARM.Collect$$rtentry$$00000000) refers (Special) to __rtentry2.o(.ARM.Collect$$rtentry$$0000000C) for __rt_entry_postli_1
    __rtentry.o(.ARM.Collect$$rtentry$$00000000) refers (Special) to __rtentry2.o(.ARM.Collect$$rtentry$$00000009) for __rt_entry_postsh_1
    __rtentry.o(.ARM.Collect$$rtentry$$00000000) refers (Special) to __rtentry2.o(.ARM.Collect$$rtentry$$00000002) for __rt_entry_presh_1
    __rtentry.o(.ARM.Collect$$rtentry$$00000000) refers (Special) to __rtentry4.o(.ARM.Collect$$rtentry$$00000004) for __rt_entry_sh
    __rtentry2.o(.ARM.Collect$$rtentry$$00000008) refers to boardinit2.o(.text) for _platform_post_stackheap_init
    __rtentry2.o(.ARM.Collect$$rtentry$$0000000A) refers to libinit.o(.ARM.Collect$$libinit$$00000000) for __rt_lib_init
    __rtentry2.o(.ARM.Collect$$rtentry$$0000000B) refers to boardinit3.o(.text) for _platform_post_lib_init
    __rtentry2.o(.ARM.Collect$$rtentry$$0000000D) refers to main.o(.text) for main
    __rtentry2.o(.ARM.Collect$$rtentry$$0000000D) refers to exit.o(.text) for exit
    __rtentry2.o(.ARM.exidx) refers to __rtentry2.o(.ARM.Collect$$rtentry$$00000001) for .ARM.Collect$$rtentry$$00000001
    __rtentry2.o(.ARM.exidx) refers to __rtentry2.o(.ARM.Collect$$rtentry$$00000008) for .ARM.Collect$$rtentry$$00000008
    __rtentry2.o(.ARM.exidx) refers to __rtentry2.o(.ARM.Collect$$rtentry$$0000000A) for .ARM.Collect$$rtentry$$0000000A
    __rtentry2.o(.ARM.exidx) refers to __rtentry2.o(.ARM.Collect$$rtentry$$0000000B) for .ARM.Collect$$rtentry$$0000000B
    __rtentry2.o(.ARM.exidx) refers to __rtentry2.o(.ARM.Collect$$rtentry$$0000000D) for .ARM.Collect$$rtentry$$0000000D
    __rtentry4.o(.ARM.Collect$$rtentry$$00000004) refers to sys_stackheap_outer.o(.text) for __user_setup_stackheap
    __rtentry4.o(.ARM.exidx) refers to __rtentry4.o(.ARM.Collect$$rtentry$$00000004) for .ARM.Collect$$rtentry$$00000004
    sys_stackheap_outer.o(.text) refers to libspace.o(.text) for __user_perproc_libspace
    sys_stackheap_outer.o(.text) refers to startup_gd32f1x0.o(.text) for __user_initial_stackheap
    exit.o(.text) refers to rtexit.o(.ARM.Collect$$rtexit$$00000000) for __rt_exit
    libinit.o(.ARM.Collect$$libinit$$00000000) refers (Special) to libinit2.o(.ARM.Collect$$libinit$$0000002E) for __rt_lib_init_alloca_1
    libinit.o(.ARM.Collect$$libinit$$00000000) refers (Special) to libinit2.o(.ARM.Collect$$libinit$$0000002C) for __rt_lib_init_argv_1
    libinit.o(.ARM.Collect$$libinit$$00000000) refers (Special) to libinit2.o(.ARM.Collect$$libinit$$0000001B) for __rt_lib_init_atexit_1
    libinit.o(.ARM.Collect$$libinit$$00000000) refers (Special) to libinit2.o(.ARM.Collect$$libinit$$00000021) for __rt_lib_init_clock_1
    libinit.o(.ARM.Collect$$libinit$$00000000) refers (Special) to libinit2.o(.ARM.Collect$$libinit$$00000032) for __rt_lib_init_cpp_1
    libinit.o(.ARM.Collect$$libinit$$00000000) refers (Special) to libinit2.o(.ARM.Collect$$libinit$$00000030) for __rt_lib_init_exceptions_1
    libinit.o(.ARM.Collect$$libinit$$00000000) refers (Special) to libinit2.o(.ARM.Collect$$libinit$$00000002) for __rt_lib_init_fp_1
    libinit.o(.ARM.Collect$$libinit$$00000000) refers (Special) to libinit2.o(.ARM.Collect$$libinit$$0000001F) for __rt_lib_init_fp_trap_1
    libinit.o(.ARM.Collect$$libinit$$00000000) refers (Special) to libinit2.o(.ARM.Collect$$libinit$$00000023) for __rt_lib_init_getenv_1
    libinit.o(.ARM.Collect$$libinit$$00000000) refers (Special) to libinit2.o(.ARM.Collect$$libinit$$0000000A) for __rt_lib_init_heap_1
    libinit.o(.ARM.Collect$$libinit$$00000000) refers (Special) to libinit2.o(.ARM.Collect$$libinit$$00000011) for __rt_lib_init_lc_collate_1
    libinit.o(.ARM.Collect$$libinit$$00000000) refers (Special) to libinit2.o(.ARM.Collect$$libinit$$00000013) for __rt_lib_init_lc_ctype_1
    libinit.o(.ARM.Collect$$libinit$$00000000) refers (Special) to libinit2.o(.ARM.Collect$$libinit$$00000015) for __rt_lib_init_lc_monetary_1
    libinit.o(.ARM.Collect$$libinit$$00000000) refers (Special) to libinit2.o(.ARM.Collect$$libinit$$00000017) for __rt_lib_init_lc_numeric_1
    libinit.o(.ARM.Collect$$libinit$$00000000) refers (Special) to libinit2.o(.ARM.Collect$$libinit$$00000019) for __rt_lib_init_lc_time_1
    libinit.o(.ARM.Collect$$libinit$$00000000) refers (Special) to libinit2.o(.ARM.Collect$$libinit$$00000004) for __rt_lib_init_preinit_1
    libinit.o(.ARM.Collect$$libinit$$00000000) refers (Special) to libinit2.o(.ARM.Collect$$libinit$$0000000E) for __rt_lib_init_rand_1
    libinit.o(.ARM.Collect$$libinit$$00000000) refers (Special) to libinit2.o(.ARM.Collect$$libinit$$00000033) for __rt_lib_init_return
    libinit.o(.ARM.Collect$$libinit$$00000000) refers (Special) to libinit2.o(.ARM.Collect$$libinit$$0000001D) for __rt_lib_init_signal_1
    libinit.o(.ARM.Collect$$libinit$$00000000) refers (Special) to libinit2.o(.ARM.Collect$$libinit$$00000025) for __rt_lib_init_stdio_1
    libinit.o(.ARM.Collect$$libinit$$00000000) refers (Special) to libinit2.o(.ARM.Collect$$libinit$$0000000C) for __rt_lib_init_user_alloc_1
    libspace.o(.text) refers to libspace.o(.bss) for __libspace_start
    rtexit.o(.ARM.Collect$$rtexit$$00000000) refers (Special) to rtexit2.o(.ARM.Collect$$rtexit$$00000004) for __rt_exit_exit
    rtexit.o(.ARM.Collect$$rtexit$$00000000) refers (Special) to rtexit2.o(.ARM.Collect$$rtexit$$00000003) for __rt_exit_ls
    rtexit.o(.ARM.Collect$$rtexit$$00000000) refers (Special) to rtexit2.o(.ARM.Collect$$rtexit$$00000002) for __rt_exit_prels_1
    rtexit.o(.ARM.exidx) refers (Special) to rtexit2.o(.ARM.Collect$$rtexit$$00000004) for __rt_exit_exit
    rtexit.o(.ARM.exidx) refers (Special) to rtexit2.o(.ARM.Collect$$rtexit$$00000003) for __rt_exit_ls
    rtexit.o(.ARM.exidx) refers (Special) to rtexit2.o(.ARM.Collect$$rtexit$$00000002) for __rt_exit_prels_1
    rtexit.o(.ARM.exidx) refers to rtexit.o(.ARM.Collect$$rtexit$$00000000) for .ARM.Collect$$rtexit$$00000000
    libinit2.o(.ARM.Collect$$libinit$$00000010) refers to libinit2.o(.ARM.Collect$$libinit$$0000000F) for .ARM.Collect$$libinit$$0000000F
    libinit2.o(.ARM.Collect$$libinit$$00000012) refers to libinit2.o(.ARM.Collect$$libinit$$0000000F) for .ARM.Collect$$libinit$$0000000F
    libinit2.o(.ARM.Collect$$libinit$$00000014) refers to libinit2.o(.ARM.Collect$$libinit$$0000000F) for .ARM.Collect$$libinit$$0000000F
    libinit2.o(.ARM.Collect$$libinit$$00000016) refers to libinit2.o(.ARM.Collect$$libinit$$0000000F) for .ARM.Collect$$libinit$$0000000F
    libinit2.o(.ARM.Collect$$libinit$$00000018) refers to libinit2.o(.ARM.Collect$$libinit$$0000000F) for .ARM.Collect$$libinit$$0000000F
    libinit2.o(.ARM.Collect$$libinit$$00000026) refers to argv_veneer.o(.emb_text) for __ARM_argv_veneer
    libinit2.o(.ARM.Collect$$libinit$$00000027) refers to argv_veneer.o(.emb_text) for __ARM_argv_veneer
    rtexit2.o(.ARM.Collect$$rtexit$$00000003) refers to libshutdown.o(.ARM.Collect$$libshutdown$$00000000) for __rt_lib_shutdown
    rtexit2.o(.ARM.Collect$$rtexit$$00000004) refers to sys_exit.o(.text) for _sys_exit
    rtexit2.o(.ARM.exidx) refers to rtexit2.o(.ARM.Collect$$rtexit$$00000001) for .ARM.Collect$$rtexit$$00000001
    rtexit2.o(.ARM.exidx) refers to rtexit2.o(.ARM.Collect$$rtexit$$00000003) for .ARM.Collect$$rtexit$$00000003
    rtexit2.o(.ARM.exidx) refers to rtexit2.o(.ARM.Collect$$rtexit$$00000004) for .ARM.Collect$$rtexit$$00000004
    argv_veneer.o(.emb_text) refers to no_argv.o(.text) for __ARM_get_argv
    sys_exit.o(.text) refers (Special) to use_no_semi.o(.text) for __I$use$semihosting
    sys_exit.o(.text) refers (Special) to indicate_semi.o(.text) for __semihosting_library_function
    _get_argv_nomalloc.o(.text) refers (Special) to hrguard.o(.text) for __heap_region$guard
    _get_argv_nomalloc.o(.text) refers to defsig_rtmem_outer.o(.text) for __rt_SIGRTMEM
    _get_argv_nomalloc.o(.text) refers to sys_command.o(.text) for _sys_command_string
    libshutdown.o(.ARM.Collect$$libshutdown$$00000000) refers (Special) to libshutdown2.o(.ARM.Collect$$libshutdown$$00000004) for __rt_lib_shutdown_cpp_1
    libshutdown.o(.ARM.Collect$$libshutdown$$00000000) refers (Special) to libshutdown2.o(.ARM.Collect$$libshutdown$$00000002) for __rt_lib_shutdown_fini_1
    libshutdown.o(.ARM.Collect$$libshutdown$$00000000) refers (Special) to libshutdown2.o(.ARM.Collect$$libshutdown$$00000009) for __rt_lib_shutdown_fp_trap_1
    libshutdown.o(.ARM.Collect$$libshutdown$$00000000) refers (Special) to libshutdown2.o(.ARM.Collect$$libshutdown$$00000011) for __rt_lib_shutdown_heap_1
    libshutdown.o(.ARM.Collect$$libshutdown$$00000000) refers (Special) to libshutdown2.o(.ARM.Collect$$libshutdown$$00000012) for __rt_lib_shutdown_return
    libshutdown.o(.ARM.Collect$$libshutdown$$00000000) refers (Special) to libshutdown2.o(.ARM.Collect$$libshutdown$$0000000C) for __rt_lib_shutdown_signal_1
    libshutdown.o(.ARM.Collect$$libshutdown$$00000000) refers (Special) to libshutdown2.o(.ARM.Collect$$libshutdown$$00000006) for __rt_lib_shutdown_stdio_1
    libshutdown.o(.ARM.Collect$$libshutdown$$00000000) refers (Special) to libshutdown2.o(.ARM.Collect$$libshutdown$$0000000E) for __rt_lib_shutdown_user_alloc_1
    sys_command.o(.text) refers (Special) to use_no_semi.o(.text) for __I$use$semihosting
    sys_command.o(.text) refers (Special) to indicate_semi.o(.text) for __semihosting_library_function
    defsig_rtmem_outer.o(.text) refers to defsig_rtmem_inner.o(.text) for __rt_SIGRTMEM_inner
    defsig_rtmem_outer.o(.text) refers to defsig_exit.o(.text) for __sig_exit
    defsig_rtmem_formal.o(.text) refers to rt_raise.o(.text) for __rt_raise
    rt_raise.o(.text) refers to __raise.o(.text) for __raise
    rt_raise.o(.text) refers to sys_exit.o(.text) for _sys_exit
    defsig_exit.o(.text) refers to sys_exit.o(.text) for _sys_exit
    defsig_rtmem_inner.o(.text) refers to defsig_general.o(.text) for __default_signal_display
    __raise.o(.text) refers to defsig.o(CL$$defsig) for __default_signal_handler
    defsig_general.o(.text) refers to sys_wrch.o(.text) for _ttywrch
    sys_wrch.o(.text) refers (Special) to use_no_semi.o(.text) for __I$use$semihosting
    sys_wrch.o(.text) refers (Special) to indicate_semi.o(.text) for __semihosting_library_function
    defsig.o(CL$$defsig) refers to defsig_rtmem_inner.o(.text) for __rt_SIGRTMEM_inner
    defsig_abrt_inner.o(.text) refers to defsig_general.o(.text) for __default_signal_display
    defsig_fpe_inner.o(.text) refers to defsig_general.o(.text) for __default_signal_display
    defsig_rtred_inner.o(.text) refers to defsig_general.o(.text) for __default_signal_display
    defsig_stak_inner.o(.text) refers to defsig_general.o(.text) for __default_signal_display
    defsig_pvfn_inner.o(.text) refers to defsig_general.o(.text) for __default_signal_display
    defsig_cppl_inner.o(.text) refers to defsig_general.o(.text) for __default_signal_display
    defsig_segv_inner.o(.text) refers to defsig_general.o(.text) for __default_signal_display
    defsig_other.o(.text) refers to defsig_general.o(.text) for __default_signal_display


==============================================================================

Removing Unused input sections from the image.

    Removing main.o(.rev16_text), (4 bytes).
    Removing main.o(.revsh_text), (4 bytes).
    Removing main.o(.rrx_text), (6 bytes).
    Removing bldc.o(.rev16_text), (4 bytes).
    Removing bldc.o(.revsh_text), (4 bytes).
    Removing bldc.o(.rrx_text), (6 bytes).
    Removing framework.o(.rev16_text), (4 bytes).
    Removing framework.o(.revsh_text), (4 bytes).
    Removing framework.o(.rrx_text), (6 bytes).
    Removing gd32f1x0_adc.o(.rev16_text), (4 bytes).
    Removing gd32f1x0_adc.o(.revsh_text), (4 bytes).
    Removing gd32f1x0_adc.o(.rrx_text), (6 bytes).
    Removing gd32f1x0_dbg.o(.rev16_text), (4 bytes).
    Removing gd32f1x0_dbg.o(.revsh_text), (4 bytes).
    Removing gd32f1x0_dbg.o(.rrx_text), (6 bytes).
    Removing gd32f1x0_dbg.o(.text), (100 bytes).
    Removing gd32f1x0_dma.o(.rev16_text), (4 bytes).
    Removing gd32f1x0_dma.o(.revsh_text), (4 bytes).
    Removing gd32f1x0_dma.o(.rrx_text), (6 bytes).
    Removing gd32f1x0_fwdgt.o(.rev16_text), (4 bytes).
    Removing gd32f1x0_fwdgt.o(.revsh_text), (4 bytes).
    Removing gd32f1x0_fwdgt.o(.rrx_text), (6 bytes).
    Removing gd32f1x0_gpio.o(.rev16_text), (4 bytes).
    Removing gd32f1x0_gpio.o(.revsh_text), (4 bytes).
    Removing gd32f1x0_gpio.o(.rrx_text), (6 bytes).
    Removing gd32f1x0_misc.o(.rev16_text), (4 bytes).
    Removing gd32f1x0_misc.o(.revsh_text), (4 bytes).
    Removing gd32f1x0_misc.o(.rrx_text), (6 bytes).
    Removing gd32f1x0_pmu.o(.rev16_text), (4 bytes).
    Removing gd32f1x0_pmu.o(.revsh_text), (4 bytes).
    Removing gd32f1x0_pmu.o(.rrx_text), (6 bytes).
    Removing gd32f1x0_pmu.o(.text), (448 bytes).
    Removing gd32f1x0_pmu.o(.bss), (16 bytes).
    Removing gd32f1x0_rcu.o(.rev16_text), (4 bytes).
    Removing gd32f1x0_rcu.o(.revsh_text), (4 bytes).
    Removing gd32f1x0_rcu.o(.rrx_text), (6 bytes).
    Removing gd32f1x0_syscfg.o(.rev16_text), (4 bytes).
    Removing gd32f1x0_syscfg.o(.revsh_text), (4 bytes).
    Removing gd32f1x0_syscfg.o(.rrx_text), (6 bytes).
    Removing gd32f1x0_syscfg.o(.text), (272 bytes).
    Removing gd32f1x0_timer.o(.rev16_text), (4 bytes).
    Removing gd32f1x0_timer.o(.revsh_text), (4 bytes).
    Removing gd32f1x0_timer.o(.rrx_text), (6 bytes).
    Removing gd32f1x0_wwdgt.o(.rev16_text), (4 bytes).
    Removing gd32f1x0_wwdgt.o(.revsh_text), (4 bytes).
    Removing gd32f1x0_wwdgt.o(.rrx_text), (6 bytes).
    Removing gd32f1x0_wwdgt.o(.text), (168 bytes).
    Removing system_gd32f1x0.o(.rev16_text), (4 bytes).
    Removing system_gd32f1x0.o(.revsh_text), (4 bytes).
    Removing system_gd32f1x0.o(.rrx_text), (6 bytes).

50 unused section(s) (total 1214 bytes) removed from the image.

==============================================================================

Image Symbol Table

    Local Symbols

    Symbol Name                              Value     Ov Type        Size  Object(Section)

    ../clib/angel/boardlib.s                 0x00000000   Number         0  boardinit1.o ABSOLUTE
    ../clib/angel/boardlib.s                 0x00000000   Number         0  boardinit2.o ABSOLUTE
    ../clib/angel/boardlib.s                 0x00000000   Number         0  boardinit3.o ABSOLUTE
    ../clib/angel/boardlib.s                 0x00000000   Number         0  boardshut.o ABSOLUTE
    ../clib/angel/handlers.s                 0x00000000   Number         0  __scatter_zi.o ABSOLUTE
    ../clib/angel/handlers.s                 0x00000000   Number         0  __scatter_copy.o ABSOLUTE
    ../clib/angel/kernel.s                   0x00000000   Number         0  rtexit2.o ABSOLUTE
    ../clib/angel/kernel.s                   0x00000000   Number         0  rtexit.o ABSOLUTE
    ../clib/angel/kernel.s                   0x00000000   Number         0  __rtentry.o ABSOLUTE
    ../clib/angel/kernel.s                   0x00000000   Number         0  __rtentry2.o ABSOLUTE
    ../clib/angel/kernel.s                   0x00000000   Number         0  __rtentry4.o ABSOLUTE
    ../clib/angel/rt.s                       0x00000000   Number         0  rt_raise.o ABSOLUTE
    ../clib/angel/scatter.s                  0x00000000   Number         0  __scatter.o ABSOLUTE
    ../clib/angel/startup.s                  0x00000000   Number         0  __main.o ABSOLUTE
    ../clib/angel/sys.s                      0x00000000   Number         0  sys_stackheap_outer.o ABSOLUTE
    ../clib/angel/sys.s                      0x00000000   Number         0  libspace.o ABSOLUTE
    ../clib/angel/sys.s                      0x00000000   Number         0  indicate_semi.o ABSOLUTE
    ../clib/angel/sys.s                      0x00000000   Number         0  use_no_semi.o ABSOLUTE
    ../clib/angel/sysapp.c                   0x00000000   Number         0  sys_wrch.o ABSOLUTE
    ../clib/angel/sysapp.c                   0x00000000   Number         0  sys_command.o ABSOLUTE
    ../clib/angel/sysapp.c                   0x00000000   Number         0  sys_exit.o ABSOLUTE
    ../clib/armsys.c                         0x00000000   Number         0  _get_argv_nomalloc.o ABSOLUTE
    ../clib/armsys.c                         0x00000000   Number         0  no_argv.o ABSOLUTE
    ../clib/armsys.c                         0x00000000   Number         0  argv_veneer.o ABSOLUTE
    ../clib/armsys.c                         0x00000000   Number         0  argv_veneer.o ABSOLUTE
    ../clib/heapalloc.c                      0x00000000   Number         0  hrguard.o ABSOLUTE
    ../clib/heapaux.c                        0x00000000   Number         0  heapauxi.o ABSOLUTE
    ../clib/libinit.s                        0x00000000   Number         0  libshutdown.o ABSOLUTE
    ../clib/libinit.s                        0x00000000   Number         0  libshutdown2.o ABSOLUTE
    ../clib/libinit.s                        0x00000000   Number         0  libinit.o ABSOLUTE
    ../clib/libinit.s                        0x00000000   Number         0  libinit2.o ABSOLUTE
    ../clib/signal.c                         0x00000000   Number         0  defsig_pvfn_inner.o ABSOLUTE
    ../clib/signal.c                         0x00000000   Number         0  defsig_stak_inner.o ABSOLUTE
    ../clib/signal.c                         0x00000000   Number         0  defsig_rtred_inner.o ABSOLUTE
    ../clib/signal.c                         0x00000000   Number         0  defsig_exit.o ABSOLUTE
    ../clib/signal.c                         0x00000000   Number         0  defsig_fpe_inner.o ABSOLUTE
    ../clib/signal.c                         0x00000000   Number         0  __raise.o ABSOLUTE
    ../clib/signal.c                         0x00000000   Number         0  defsig_abrt_inner.o ABSOLUTE
    ../clib/signal.c                         0x00000000   Number         0  defsig_general.o ABSOLUTE
    ../clib/signal.c                         0x00000000   Number         0  defsig_other.o ABSOLUTE
    ../clib/signal.c                         0x00000000   Number         0  defsig_rtmem_inner.o ABSOLUTE
    ../clib/signal.c                         0x00000000   Number         0  defsig_rtmem_formal.o ABSOLUTE
    ../clib/signal.c                         0x00000000   Number         0  defsig_segv_inner.o ABSOLUTE
    ../clib/signal.c                         0x00000000   Number         0  defsig_cppl_inner.o ABSOLUTE
    ../clib/signal.c                         0x00000000   Number         0  defsig_rtmem_outer.o ABSOLUTE
    ../clib/signal.s                         0x00000000   Number         0  defsig.o ABSOLUTE
    ../clib/stdlib.c                         0x00000000   Number         0  exit.o ABSOLUTE
    ../fplib/fpinit.s                        0x00000000   Number         0  fpinit.o ABSOLUTE
    RTE\Device\GD32F130C8\gd32f1x0_adc.c     0x00000000   Number         0  gd32f1x0_adc.o ABSOLUTE
    RTE\Device\GD32F130C8\gd32f1x0_dbg.c     0x00000000   Number         0  gd32f1x0_dbg.o ABSOLUTE
    RTE\Device\GD32F130C8\gd32f1x0_dma.c     0x00000000   Number         0  gd32f1x0_dma.o ABSOLUTE
    RTE\Device\GD32F130C8\gd32f1x0_fwdgt.c   0x00000000   Number         0  gd32f1x0_fwdgt.o ABSOLUTE
    RTE\Device\GD32F130C8\gd32f1x0_gpio.c    0x00000000   Number         0  gd32f1x0_gpio.o ABSOLUTE
    RTE\Device\GD32F130C8\gd32f1x0_misc.c    0x00000000   Number         0  gd32f1x0_misc.o ABSOLUTE
    RTE\Device\GD32F130C8\gd32f1x0_opa.c     0x00000000   Number         0  gd32f1x0_opa.o ABSOLUTE
    RTE\Device\GD32F130C8\gd32f1x0_pmu.c     0x00000000   Number         0  gd32f1x0_pmu.o ABSOLUTE
    RTE\Device\GD32F130C8\gd32f1x0_rcu.c     0x00000000   Number         0  gd32f1x0_rcu.o ABSOLUTE
    RTE\Device\GD32F130C8\gd32f1x0_syscfg.c  0x00000000   Number         0  gd32f1x0_syscfg.o ABSOLUTE
    RTE\Device\GD32F130C8\gd32f1x0_timer.c   0x00000000   Number         0  gd32f1x0_timer.o ABSOLUTE
    RTE\Device\GD32F130C8\gd32f1x0_wwdgt.c   0x00000000   Number         0  gd32f1x0_wwdgt.o ABSOLUTE
    RTE\Device\GD32F130C8\startup_gd32f1x0.s 0x00000000   Number         0  startup_gd32f1x0.o ABSOLUTE
    RTE\Device\GD32F130C8\system_gd32f1x0.c  0x00000000   Number         0  system_gd32f1x0.o ABSOLUTE
    RTE\\Device\\GD32F130C8\\gd32f1x0_adc.c  0x00000000   Number         0  gd32f1x0_adc.o ABSOLUTE
    RTE\\Device\\GD32F130C8\\gd32f1x0_dbg.c  0x00000000   Number         0  gd32f1x0_dbg.o ABSOLUTE
    RTE\\Device\\GD32F130C8\\gd32f1x0_dma.c  0x00000000   Number         0  gd32f1x0_dma.o ABSOLUTE
    RTE\\Device\\GD32F130C8\\gd32f1x0_fwdgt.c 0x00000000   Number         0  gd32f1x0_fwdgt.o ABSOLUTE
    RTE\\Device\\GD32F130C8\\gd32f1x0_gpio.c 0x00000000   Number         0  gd32f1x0_gpio.o ABSOLUTE
    RTE\\Device\\GD32F130C8\\gd32f1x0_misc.c 0x00000000   Number         0  gd32f1x0_misc.o ABSOLUTE
    RTE\\Device\\GD32F130C8\\gd32f1x0_pmu.c  0x00000000   Number         0  gd32f1x0_pmu.o ABSOLUTE
    RTE\\Device\\GD32F130C8\\gd32f1x0_rcu.c  0x00000000   Number         0  gd32f1x0_rcu.o ABSOLUTE
    RTE\\Device\\GD32F130C8\\gd32f1x0_syscfg.c 0x00000000   Number         0  gd32f1x0_syscfg.o ABSOLUTE
    RTE\\Device\\GD32F130C8\\gd32f1x0_timer.c 0x00000000   Number         0  gd32f1x0_timer.o ABSOLUTE
    RTE\\Device\\GD32F130C8\\gd32f1x0_wwdgt.c 0x00000000   Number         0  gd32f1x0_wwdgt.o ABSOLUTE
    RTE\\Device\\GD32F130C8\\system_gd32f1x0.c 0x00000000   Number         0  system_gd32f1x0.o ABSOLUTE
    dc.s                                     0x00000000   Number         0  dc.o ABSOLUTE
    src\\framework\\framework.c              0x00000000   Number         0  framework.o ABSOLUTE
    src\\include\\bldc.c                     0x00000000   Number         0  bldc.o ABSOLUTE
    src\\main.c                              0x00000000   Number         0  main.o ABSOLUTE
    src\framework\framework.c                0x00000000   Number         0  framework.o ABSOLUTE
    src\include\bldc.c                       0x00000000   Number         0  bldc.o ABSOLUTE
    src\include\brake.c                      0x00000000   Number         0  brake.o ABSOLUTE
    src\include\buzzer.c                     0x00000000   Number         0  buzzer.o ABSOLUTE
    src\include\throttle.c                   0x00000000   Number         0  throttle.o ABSOLUTE
    src\main.c                               0x00000000   Number         0  main.o ABSOLUTE
    RESET                                    0x08000000   Section      360  startup_gd32f1x0.o(RESET)
    !!!main                                  0x08000168   Section        8  __main.o(!!!main)
    !!!scatter                               0x08000170   Section       52  __scatter.o(!!!scatter)
    !!handler_copy                           0x080001a4   Section       26  __scatter_copy.o(!!handler_copy)
    !!handler_zi                             0x080001c0   Section       28  __scatter_zi.o(!!handler_zi)
    .ARM.Collect$$libinit$$00000000          0x080001dc   Section        2  libinit.o(.ARM.Collect$$libinit$$00000000)
    .ARM.Collect$$libinit$$00000002          0x080001de   Section        0  libinit2.o(.ARM.Collect$$libinit$$00000002)
    .ARM.Collect$$libinit$$00000004          0x080001de   Section        0  libinit2.o(.ARM.Collect$$libinit$$00000004)
    .ARM.Collect$$libinit$$0000000A          0x080001de   Section        0  libinit2.o(.ARM.Collect$$libinit$$0000000A)
    .ARM.Collect$$libinit$$0000000C          0x080001de   Section        0  libinit2.o(.ARM.Collect$$libinit$$0000000C)
    .ARM.Collect$$libinit$$0000000E          0x080001de   Section        0  libinit2.o(.ARM.Collect$$libinit$$0000000E)
    .ARM.Collect$$libinit$$00000011          0x080001de   Section        0  libinit2.o(.ARM.Collect$$libinit$$00000011)
    .ARM.Collect$$libinit$$00000013          0x080001de   Section        0  libinit2.o(.ARM.Collect$$libinit$$00000013)
    .ARM.Collect$$libinit$$00000015          0x080001de   Section        0  libinit2.o(.ARM.Collect$$libinit$$00000015)
    .ARM.Collect$$libinit$$00000017          0x080001de   Section        0  libinit2.o(.ARM.Collect$$libinit$$00000017)
    .ARM.Collect$$libinit$$00000019          0x080001de   Section        0  libinit2.o(.ARM.Collect$$libinit$$00000019)
    .ARM.Collect$$libinit$$0000001B          0x080001de   Section        0  libinit2.o(.ARM.Collect$$libinit$$0000001B)
    .ARM.Collect$$libinit$$0000001D          0x080001de   Section        0  libinit2.o(.ARM.Collect$$libinit$$0000001D)
    .ARM.Collect$$libinit$$0000001F          0x080001de   Section        0  libinit2.o(.ARM.Collect$$libinit$$0000001F)
    .ARM.Collect$$libinit$$00000021          0x080001de   Section        0  libinit2.o(.ARM.Collect$$libinit$$00000021)
    .ARM.Collect$$libinit$$00000023          0x080001de   Section        0  libinit2.o(.ARM.Collect$$libinit$$00000023)
    .ARM.Collect$$libinit$$00000025          0x080001de   Section        0  libinit2.o(.ARM.Collect$$libinit$$00000025)
    .ARM.Collect$$libinit$$0000002C          0x080001de   Section        0  libinit2.o(.ARM.Collect$$libinit$$0000002C)
    .ARM.Collect$$libinit$$0000002E          0x080001de   Section        0  libinit2.o(.ARM.Collect$$libinit$$0000002E)
    .ARM.Collect$$libinit$$00000030          0x080001de   Section        0  libinit2.o(.ARM.Collect$$libinit$$00000030)
    .ARM.Collect$$libinit$$00000032          0x080001de   Section        0  libinit2.o(.ARM.Collect$$libinit$$00000032)
    .ARM.Collect$$libinit$$00000033          0x080001de   Section        2  libinit2.o(.ARM.Collect$$libinit$$00000033)
    .ARM.Collect$$libshutdown$$00000000      0x080001e0   Section        2  libshutdown.o(.ARM.Collect$$libshutdown$$00000000)
    .ARM.Collect$$libshutdown$$00000002      0x080001e2   Section        0  libshutdown2.o(.ARM.Collect$$libshutdown$$00000002)
    .ARM.Collect$$libshutdown$$00000004      0x080001e2   Section        0  libshutdown2.o(.ARM.Collect$$libshutdown$$00000004)
    .ARM.Collect$$libshutdown$$00000006      0x080001e2   Section        0  libshutdown2.o(.ARM.Collect$$libshutdown$$00000006)
    .ARM.Collect$$libshutdown$$00000009      0x080001e2   Section        0  libshutdown2.o(.ARM.Collect$$libshutdown$$00000009)
    .ARM.Collect$$libshutdown$$0000000C      0x080001e2   Section        0  libshutdown2.o(.ARM.Collect$$libshutdown$$0000000C)
    .ARM.Collect$$libshutdown$$0000000E      0x080001e2   Section        0  libshutdown2.o(.ARM.Collect$$libshutdown$$0000000E)
    .ARM.Collect$$libshutdown$$00000011      0x080001e2   Section        0  libshutdown2.o(.ARM.Collect$$libshutdown$$00000011)
    .ARM.Collect$$libshutdown$$00000012      0x080001e2   Section        2  libshutdown2.o(.ARM.Collect$$libshutdown$$00000012)
    .ARM.Collect$$rtentry$$00000000          0x080001e4   Section        0  __rtentry.o(.ARM.Collect$$rtentry$$00000000)
    .ARM.Collect$$rtentry$$00000002          0x080001e4   Section        0  __rtentry2.o(.ARM.Collect$$rtentry$$00000002)
    .ARM.Collect$$rtentry$$00000004          0x080001e4   Section        6  __rtentry4.o(.ARM.Collect$$rtentry$$00000004)
    .ARM.Collect$$rtentry$$00000009          0x080001ea   Section        0  __rtentry2.o(.ARM.Collect$$rtentry$$00000009)
    .ARM.Collect$$rtentry$$0000000A          0x080001ea   Section        4  __rtentry2.o(.ARM.Collect$$rtentry$$0000000A)
    .ARM.Collect$$rtentry$$0000000C          0x080001ee   Section        0  __rtentry2.o(.ARM.Collect$$rtentry$$0000000C)
    .ARM.Collect$$rtentry$$0000000D          0x080001ee   Section        8  __rtentry2.o(.ARM.Collect$$rtentry$$0000000D)
    .ARM.Collect$$rtexit$$00000000           0x080001f6   Section        2  rtexit.o(.ARM.Collect$$rtexit$$00000000)
    .ARM.Collect$$rtexit$$00000002           0x080001f8   Section        0  rtexit2.o(.ARM.Collect$$rtexit$$00000002)
    .ARM.Collect$$rtexit$$00000003           0x080001f8   Section        4  rtexit2.o(.ARM.Collect$$rtexit$$00000003)
    .ARM.Collect$$rtexit$$00000004           0x080001fc   Section        6  rtexit2.o(.ARM.Collect$$rtexit$$00000004)
    .text                                    0x08000204   Section        0  main.o(.text)
    .text                                    0x0800025c   Section        0  bldc.o(.text)
    .text                                    0x08000464   Section        0  framework.o(.text)
    .text                                    0x08000bb0   Section        0  gd32f1x0_adc.o(.text)
    .text                                    0x08001250   Section        0  gd32f1x0_dma.o(.text)
    .text                                    0x0800171c   Section        0  gd32f1x0_fwdgt.o(.text)
    .text                                    0x080017e8   Section        0  gd32f1x0_gpio.o(.text)
    .text                                    0x080019c4   Section        0  gd32f1x0_misc.o(.text)
    .text                                    0x08001ae8   Section        0  gd32f1x0_rcu.o(.text)
    .text                                    0x08002390   Section        0  gd32f1x0_timer.o(.text)
    .text                                    0x08003150   Section       64  startup_gd32f1x0.o(.text)
    .text                                    0x08003190   Section        0  system_gd32f1x0.o(.text)
    system_clock_72m_irc8m                   0x08003191   Thumb Code   106  system_gd32f1x0.o(.text)
    system_clock_config                      0x080031fb   Thumb Code     8  system_gd32f1x0.o(.text)
    .text                                    0x0800337c   Section        0  heapauxi.o(.text)
    .text                                    0x08003382   Section       74  sys_stackheap_outer.o(.text)
    .text                                    0x080033cc   Section        0  exit.o(.text)
    .text                                    0x080033e0   Section        8  libspace.o(.text)
    .text                                    0x080033e8   Section        0  sys_exit.o(.text)
    .text                                    0x080033f4   Section        2  use_no_semi.o(.text)
    .text                                    0x080033f6   Section        0  indicate_semi.o(.text)
    i.enginePOV                              0x080033f6   Section        0  bldc.o(i.enginePOV)
    .constdata                               0x08003460   Section       10  bldc.o(.constdata)
    .data                                    0x20000000   Section       24  bldc.o(.data)
    .data                                    0x20000018   Section        6  framework.o(.data)
    .data                                    0x20000020   Section        4  system_gd32f1x0.o(.data)
    .bss                                     0x20000024   Section       92  framework.o(.bss)
    .bss                                     0x20000080   Section       96  libspace.o(.bss)
    HEAP                                     0x200000e0   Section     1024  startup_gd32f1x0.o(HEAP)
    Heap_Mem                                 0x200000e0   Data        1024  startup_gd32f1x0.o(HEAP)
    STACK                                    0x200004e0   Section     1024  startup_gd32f1x0.o(STACK)
    Stack_Mem                                0x200004e0   Data        1024  startup_gd32f1x0.o(STACK)
    __initial_sp                             0x200008e0   Data           0  startup_gd32f1x0.o(STACK)

    Global Symbols

    Symbol Name                              Value     Ov Type        Size  Object(Section)

    BuildAttributes$$THM_ISAv4$P$D$K$B$S$PE$A:L22UL41UL21$X:L11$S22US41US21$IEEE1$IW$USESV6$~STKCKD$USESV7$~SHL$OSPACE$ROPI$EBA8$UX$STANDARDLIB$REQ8$PRES8$EABIv2 0x00000000   Number         0  anon$$obj.o ABSOLUTE
    __ARM_use_no_argv                        0x00000000   Number         0  main.o ABSOLUTE
    __ARM_exceptions_init                     - Undefined Weak Reference
    __alloca_initialize                       - Undefined Weak Reference
    __arm_fini_                               - Undefined Weak Reference
    __arm_preinit_                            - Undefined Weak Reference
    __cpp_initialize__aeabi_                  - Undefined Weak Reference
    __cxa_finalize                            - Undefined Weak Reference
    __rt_locale                               - Undefined Weak Reference
    __sigvec_lookup                           - Undefined Weak Reference
    _atexit_init                              - Undefined Weak Reference
    _call_atexit_fns                          - Undefined Weak Reference
    _clock_init                               - Undefined Weak Reference
    _fp_trap_init                             - Undefined Weak Reference
    _fp_trap_shutdown                         - Undefined Weak Reference
    _get_lc_collate                           - Undefined Weak Reference
    _get_lc_ctype                             - Undefined Weak Reference
    _get_lc_monetary                          - Undefined Weak Reference
    _get_lc_numeric                           - Undefined Weak Reference
    _get_lc_time                              - Undefined Weak Reference
    _getenv_init                              - Undefined Weak Reference
    _handle_redirection                       - Undefined Weak Reference
    _init_alloc                               - Undefined Weak Reference
    _init_user_alloc                          - Undefined Weak Reference
    _initio                                   - Undefined Weak Reference
    _rand_init                                - Undefined Weak Reference
    _signal_finish                            - Undefined Weak Reference
    _signal_init                              - Undefined Weak Reference
    _terminate_alloc                          - Undefined Weak Reference
    _terminate_user_alloc                     - Undefined Weak Reference
    _terminateio                              - Undefined Weak Reference
    __Vectors_Size                           0x00000168   Number         0  startup_gd32f1x0.o ABSOLUTE
    __Vectors                                0x08000000   Data           4  startup_gd32f1x0.o(RESET)
    __Vectors_End                            0x08000168   Data           0  startup_gd32f1x0.o(RESET)
    __main                                   0x08000169   Thumb Code     8  __main.o(!!!main)
    __scatterload                            0x08000171   Thumb Code     0  __scatter.o(!!!scatter)
    __scatterload_rt2                        0x08000171   Thumb Code    44  __scatter.o(!!!scatter)
    __scatterload_rt2_thumb_only             0x08000171   Thumb Code     0  __scatter.o(!!!scatter)
    __scatterload_null                       0x0800017f   Thumb Code     0  __scatter.o(!!!scatter)
    __scatterload_copy                       0x080001a5   Thumb Code    26  __scatter_copy.o(!!handler_copy)
    __scatterload_zeroinit                   0x080001c1   Thumb Code    28  __scatter_zi.o(!!handler_zi)
    __rt_lib_init                            0x080001dd   Thumb Code     0  libinit.o(.ARM.Collect$$libinit$$00000000)
    __rt_lib_init_alloca_1                   0x080001df   Thumb Code     0  libinit2.o(.ARM.Collect$$libinit$$0000002E)
    __rt_lib_init_argv_1                     0x080001df   Thumb Code     0  libinit2.o(.ARM.Collect$$libinit$$0000002C)
    __rt_lib_init_atexit_1                   0x080001df   Thumb Code     0  libinit2.o(.ARM.Collect$$libinit$$0000001B)
    __rt_lib_init_clock_1                    0x080001df   Thumb Code     0  libinit2.o(.ARM.Collect$$libinit$$00000021)
    __rt_lib_init_cpp_1                      0x080001df   Thumb Code     0  libinit2.o(.ARM.Collect$$libinit$$00000032)
    __rt_lib_init_exceptions_1               0x080001df   Thumb Code     0  libinit2.o(.ARM.Collect$$libinit$$00000030)
    __rt_lib_init_fp_1                       0x080001df   Thumb Code     0  libinit2.o(.ARM.Collect$$libinit$$00000002)
    __rt_lib_init_fp_trap_1                  0x080001df   Thumb Code     0  libinit2.o(.ARM.Collect$$libinit$$0000001F)
    __rt_lib_init_getenv_1                   0x080001df   Thumb Code     0  libinit2.o(.ARM.Collect$$libinit$$00000023)
    __rt_lib_init_heap_1                     0x080001df   Thumb Code     0  libinit2.o(.ARM.Collect$$libinit$$0000000A)
    __rt_lib_init_lc_collate_1               0x080001df   Thumb Code     0  libinit2.o(.ARM.Collect$$libinit$$00000011)
    __rt_lib_init_lc_ctype_1                 0x080001df   Thumb Code     0  libinit2.o(.ARM.Collect$$libinit$$00000013)
    __rt_lib_init_lc_monetary_1              0x080001df   Thumb Code     0  libinit2.o(.ARM.Collect$$libinit$$00000015)
    __rt_lib_init_lc_numeric_1               0x080001df   Thumb Code     0  libinit2.o(.ARM.Collect$$libinit$$00000017)
    __rt_lib_init_lc_time_1                  0x080001df   Thumb Code     0  libinit2.o(.ARM.Collect$$libinit$$00000019)
    __rt_lib_init_preinit_1                  0x080001df   Thumb Code     0  libinit2.o(.ARM.Collect$$libinit$$00000004)
    __rt_lib_init_rand_1                     0x080001df   Thumb Code     0  libinit2.o(.ARM.Collect$$libinit$$0000000E)
    __rt_lib_init_return                     0x080001df   Thumb Code     0  libinit2.o(.ARM.Collect$$libinit$$00000033)
    __rt_lib_init_signal_1                   0x080001df   Thumb Code     0  libinit2.o(.ARM.Collect$$libinit$$0000001D)
    __rt_lib_init_stdio_1                    0x080001df   Thumb Code     0  libinit2.o(.ARM.Collect$$libinit$$00000025)
    __rt_lib_init_user_alloc_1               0x080001df   Thumb Code     0  libinit2.o(.ARM.Collect$$libinit$$0000000C)
    __rt_lib_shutdown                        0x080001e1   Thumb Code     0  libshutdown.o(.ARM.Collect$$libshutdown$$00000000)
    __rt_lib_shutdown_cpp_1                  0x080001e3   Thumb Code     0  libshutdown2.o(.ARM.Collect$$libshutdown$$00000004)
    __rt_lib_shutdown_fini_1                 0x080001e3   Thumb Code     0  libshutdown2.o(.ARM.Collect$$libshutdown$$00000002)
    __rt_lib_shutdown_fp_trap_1              0x080001e3   Thumb Code     0  libshutdown2.o(.ARM.Collect$$libshutdown$$00000009)
    __rt_lib_shutdown_heap_1                 0x080001e3   Thumb Code     0  libshutdown2.o(.ARM.Collect$$libshutdown$$00000011)
    __rt_lib_shutdown_return                 0x080001e3   Thumb Code     0  libshutdown2.o(.ARM.Collect$$libshutdown$$00000012)
    __rt_lib_shutdown_signal_1               0x080001e3   Thumb Code     0  libshutdown2.o(.ARM.Collect$$libshutdown$$0000000C)
    __rt_lib_shutdown_stdio_1                0x080001e3   Thumb Code     0  libshutdown2.o(.ARM.Collect$$libshutdown$$00000006)
    __rt_lib_shutdown_user_alloc_1           0x080001e3   Thumb Code     0  libshutdown2.o(.ARM.Collect$$libshutdown$$0000000E)
    __rt_entry                               0x080001e5   Thumb Code     0  __rtentry.o(.ARM.Collect$$rtentry$$00000000)
    __rt_entry_presh_1                       0x080001e5   Thumb Code     0  __rtentry2.o(.ARM.Collect$$rtentry$$00000002)
    __rt_entry_sh                            0x080001e5   Thumb Code     0  __rtentry4.o(.ARM.Collect$$rtentry$$00000004)
    __rt_entry_li                            0x080001eb   Thumb Code     0  __rtentry2.o(.ARM.Collect$$rtentry$$0000000A)
    __rt_entry_postsh_1                      0x080001eb   Thumb Code     0  __rtentry2.o(.ARM.Collect$$rtentry$$00000009)
    __rt_entry_main                          0x080001ef   Thumb Code     0  __rtentry2.o(.ARM.Collect$$rtentry$$0000000D)
    __rt_entry_postli_1                      0x080001ef   Thumb Code     0  __rtentry2.o(.ARM.Collect$$rtentry$$0000000C)
    __rt_exit                                0x080001f7   Thumb Code     0  rtexit.o(.ARM.Collect$$rtexit$$00000000)
    __rt_exit_ls                             0x080001f9   Thumb Code     0  rtexit2.o(.ARM.Collect$$rtexit$$00000003)
    __rt_exit_prels_1                        0x080001f9   Thumb Code     0  rtexit2.o(.ARM.Collect$$rtexit$$00000002)
    __rt_exit_exit                           0x080001fd   Thumb Code     0  rtexit2.o(.ARM.Collect$$rtexit$$00000004)
    main                                     0x08000205   Thumb Code    62  main.o(.text)
    TIMER0_BRK_UP_TRG_COM_IRQHandler         0x08000243   Thumb Code    22  main.o(.text)
    engineMode                               0x0800025d   Thumb Code     6  bldc.o(.text)
    engineWrite                              0x08000263   Thumb Code    30  bldc.o(.text)
    enginePWM                                0x08000281   Thumb Code   422  bldc.o(.text)
    getPort                                  0x08000465   Thumb Code    68  framework.o(.text)
    getPin                                   0x080004a9   Thumb Code    64  framework.o(.text)
    getChannel                               0x080004e9   Thumb Code    72  framework.o(.text)
    pinMode                                  0x08000531   Thumb Code   100  framework.o(.text)
    digitalWrite                             0x08000595   Thumb Code    36  framework.o(.text)
    digitalRead                              0x080005b9   Thumb Code    28  framework.o(.text)
    analogRead                               0x080005d5   Thumb Code    50  framework.o(.text)
    millis                                   0x08000607   Thumb Code     6  framework.o(.text)
    delay                                    0x0800060d   Thumb Code    28  framework.o(.text)
    wd_init                                  0x08000629   Thumb Code    54  framework.o(.text)
    fw_init                                  0x0800065f   Thumb Code  1296  framework.o(.text)
    SysTick_Handler                          0x08000b6f   Thumb Code    12  framework.o(.text)
    DMA_Channel0_IRQHandler                  0x08000b7b   Thumb Code    22  framework.o(.text)
    adc_deinit                               0x08000bb1   Thumb Code    20  gd32f1x0_adc.o(.text)
    adc_enable                               0x08000bc5   Thumb Code    24  gd32f1x0_adc.o(.text)
    adc_disable                              0x08000bdd   Thumb Code    14  gd32f1x0_adc.o(.text)
    adc_calibration_enable                   0x08000beb   Thumb Code    54  gd32f1x0_adc.o(.text)
    adc_dma_mode_enable                      0x08000c21   Thumb Code    14  gd32f1x0_adc.o(.text)
    adc_dma_mode_disable                     0x08000c2f   Thumb Code    14  gd32f1x0_adc.o(.text)
    adc_tempsensor_vrefint_enable            0x08000c3d   Thumb Code    14  gd32f1x0_adc.o(.text)
    adc_tempsensor_vrefint_disable           0x08000c4b   Thumb Code    14  gd32f1x0_adc.o(.text)
    adc_vbat_enable                          0x08000c59   Thumb Code    14  gd32f1x0_adc.o(.text)
    adc_vbat_disable                         0x08000c67   Thumb Code    14  gd32f1x0_adc.o(.text)
    adc_discontinuous_mode_config            0x08000c75   Thumb Code   108  gd32f1x0_adc.o(.text)
    adc_special_function_config              0x08000ce1   Thumb Code   130  gd32f1x0_adc.o(.text)
    adc_data_alignment_config                0x08000d63   Thumb Code    30  gd32f1x0_adc.o(.text)
    adc_channel_length_config                0x08000d81   Thumb Code    98  gd32f1x0_adc.o(.text)
    adc_regular_channel_config               0x08000de3   Thumb Code   218  gd32f1x0_adc.o(.text)
    adc_inserted_channel_config              0x08000ebd   Thumb Code   142  gd32f1x0_adc.o(.text)
    adc_inserted_channel_offset_config       0x08000f4b   Thumb Code    42  gd32f1x0_adc.o(.text)
    adc_external_trigger_config              0x08000f75   Thumb Code    88  gd32f1x0_adc.o(.text)
    adc_external_trigger_source_config       0x08000fcd   Thumb Code    60  gd32f1x0_adc.o(.text)
    adc_software_trigger_enable              0x08001009   Thumb Code    38  gd32f1x0_adc.o(.text)
    adc_regular_data_read                    0x0800102f   Thumb Code    10  gd32f1x0_adc.o(.text)
    adc_inserted_data_read                   0x08001039   Thumb Code    60  gd32f1x0_adc.o(.text)
    adc_flag_get                             0x08001075   Thumb Code    18  gd32f1x0_adc.o(.text)
    adc_flag_clear                           0x08001087   Thumb Code    16  gd32f1x0_adc.o(.text)
    adc_interrupt_flag_get                   0x08001097   Thumb Code   108  gd32f1x0_adc.o(.text)
    adc_interrupt_flag_clear                 0x08001103   Thumb Code    16  gd32f1x0_adc.o(.text)
    adc_interrupt_enable                     0x08001113   Thumb Code    68  gd32f1x0_adc.o(.text)
    adc_interrupt_disable                    0x08001157   Thumb Code    68  gd32f1x0_adc.o(.text)
    adc_watchdog_single_channel_enable       0x0800119b   Thumb Code    40  gd32f1x0_adc.o(.text)
    adc_watchdog_group_channel_enable        0x080011c3   Thumb Code    92  gd32f1x0_adc.o(.text)
    adc_watchdog_disable                     0x0800121f   Thumb Code    18  gd32f1x0_adc.o(.text)
    adc_watchdog_threshold_config            0x08001231   Thumb Code    20  gd32f1x0_adc.o(.text)
    dma_deinit                               0x08001251   Thumb Code    88  gd32f1x0_dma.o(.text)
    dma_struct_para_init                     0x080012a9   Thumb Code    30  gd32f1x0_dma.o(.text)
    dma_init                                 0x080012c7   Thumb Code   264  gd32f1x0_dma.o(.text)
    dma_circulation_enable                   0x080013cf   Thumb Code    30  gd32f1x0_dma.o(.text)
    dma_circulation_disable                  0x080013ed   Thumb Code    30  gd32f1x0_dma.o(.text)
    dma_memory_to_memory_enable              0x0800140b   Thumb Code    30  gd32f1x0_dma.o(.text)
    dma_memory_to_memory_disable             0x08001429   Thumb Code    30  gd32f1x0_dma.o(.text)
    dma_channel_enable                       0x08001447   Thumb Code    30  gd32f1x0_dma.o(.text)
    dma_channel_disable                      0x08001465   Thumb Code    30  gd32f1x0_dma.o(.text)
    dma_periph_address_config                0x08001483   Thumb Code    14  gd32f1x0_dma.o(.text)
    dma_memory_address_config                0x08001491   Thumb Code    14  gd32f1x0_dma.o(.text)
    dma_transfer_number_config               0x0800149f   Thumb Code    14  gd32f1x0_dma.o(.text)
    dma_transfer_number_get                  0x080014ad   Thumb Code    16  gd32f1x0_dma.o(.text)
    dma_priority_config                      0x080014bd   Thumb Code    34  gd32f1x0_dma.o(.text)
    dma_memory_width_config                  0x080014df   Thumb Code    34  gd32f1x0_dma.o(.text)
    dma_periph_width_config                  0x08001501   Thumb Code    34  gd32f1x0_dma.o(.text)
    dma_memory_increase_enable               0x08001523   Thumb Code    30  gd32f1x0_dma.o(.text)
    dma_memory_increase_disable              0x08001541   Thumb Code    30  gd32f1x0_dma.o(.text)
    dma_periph_increase_enable               0x0800155f   Thumb Code    30  gd32f1x0_dma.o(.text)
    dma_periph_increase_disable              0x0800157d   Thumb Code    30  gd32f1x0_dma.o(.text)
    dma_transfer_direction_config            0x0800159b   Thumb Code    64  gd32f1x0_dma.o(.text)
    dma_interrupt_flag_get                   0x080015db   Thumb Code   196  gd32f1x0_dma.o(.text)
    dma_interrupt_flag_clear                 0x0800169f   Thumb Code    18  gd32f1x0_dma.o(.text)
    dma_interrupt_enable                     0x080016b1   Thumb Code    30  gd32f1x0_dma.o(.text)
    dma_interrupt_disable                    0x080016cf   Thumb Code    30  gd32f1x0_dma.o(.text)
    dma_flag_get                             0x080016ed   Thumb Code    26  gd32f1x0_dma.o(.text)
    dma_flag_clear                           0x08001707   Thumb Code    18  gd32f1x0_dma.o(.text)
    fwdgt_write_disable                      0x0800171d   Thumb Code     8  gd32f1x0_fwdgt.o(.text)
    fwdgt_counter_reload                     0x08001725   Thumb Code    10  gd32f1x0_fwdgt.o(.text)
    fwdgt_enable                             0x0800172f   Thumb Code    10  gd32f1x0_fwdgt.o(.text)
    fwdgt_window_value_config                0x08001739   Thumb Code    54  gd32f1x0_fwdgt.o(.text)
    fwdgt_config                             0x0800176f   Thumb Code    94  gd32f1x0_fwdgt.o(.text)
    fwdgt_flag_get                           0x080017cd   Thumb Code    18  gd32f1x0_fwdgt.o(.text)
    gpio_deinit                              0x080017e9   Thumb Code   140  gd32f1x0_gpio.o(.text)
    gpio_mode_set                            0x08001875   Thumb Code    78  gd32f1x0_gpio.o(.text)
    gpio_output_options_set                  0x080018c3   Thumb Code    66  gd32f1x0_gpio.o(.text)
    gpio_bit_set                             0x08001905   Thumb Code     4  gd32f1x0_gpio.o(.text)
    gpio_bit_reset                           0x08001909   Thumb Code     4  gd32f1x0_gpio.o(.text)
    gpio_bit_write                           0x0800190d   Thumb Code    10  gd32f1x0_gpio.o(.text)
    gpio_port_write                          0x08001917   Thumb Code     4  gd32f1x0_gpio.o(.text)
    gpio_input_bit_get                       0x0800191b   Thumb Code    16  gd32f1x0_gpio.o(.text)
    gpio_input_port_get                      0x0800192b   Thumb Code     8  gd32f1x0_gpio.o(.text)
    gpio_output_bit_get                      0x08001933   Thumb Code    16  gd32f1x0_gpio.o(.text)
    gpio_output_port_get                     0x08001943   Thumb Code     8  gd32f1x0_gpio.o(.text)
    gpio_af_set                              0x0800194b   Thumb Code    94  gd32f1x0_gpio.o(.text)
    gpio_pin_lock                            0x080019a9   Thumb Code    18  gd32f1x0_gpio.o(.text)
    nvic_priority_group_set                  0x080019c5   Thumb Code    10  gd32f1x0_misc.o(.text)
    nvic_irq_enable                          0x080019cf   Thumb Code   156  gd32f1x0_misc.o(.text)
    nvic_irq_disable                         0x08001a6b   Thumb Code    18  gd32f1x0_misc.o(.text)
    nvic_vector_table_set                    0x08001a7d   Thumb Code    14  gd32f1x0_misc.o(.text)
    system_lowpower_set                      0x08001a8b   Thumb Code    16  gd32f1x0_misc.o(.text)
    system_lowpower_reset                    0x08001a9b   Thumb Code    16  gd32f1x0_misc.o(.text)
    systick_clksource_set                    0x08001aab   Thumb Code    40  gd32f1x0_misc.o(.text)
    rcu_deinit                               0x08001ae9   Thumb Code   112  gd32f1x0_rcu.o(.text)
    rcu_periph_clock_enable                  0x08001b59   Thumb Code    28  gd32f1x0_rcu.o(.text)
    rcu_periph_clock_disable                 0x08001b75   Thumb Code    28  gd32f1x0_rcu.o(.text)
    rcu_periph_clock_sleep_enable            0x08001b91   Thumb Code    28  gd32f1x0_rcu.o(.text)
    rcu_periph_clock_sleep_disable           0x08001bad   Thumb Code    28  gd32f1x0_rcu.o(.text)
    rcu_periph_reset_enable                  0x08001bc9   Thumb Code    28  gd32f1x0_rcu.o(.text)
    rcu_periph_reset_disable                 0x08001be5   Thumb Code    28  gd32f1x0_rcu.o(.text)
    rcu_bkp_reset_enable                     0x08001c01   Thumb Code    14  gd32f1x0_rcu.o(.text)
    rcu_bkp_reset_disable                    0x08001c0f   Thumb Code    14  gd32f1x0_rcu.o(.text)
    rcu_system_clock_source_config           0x08001c1d   Thumb Code    22  gd32f1x0_rcu.o(.text)
    rcu_system_clock_source_get              0x08001c33   Thumb Code    10  gd32f1x0_rcu.o(.text)
    rcu_ahb_clock_config                     0x08001c3d   Thumb Code    22  gd32f1x0_rcu.o(.text)
    rcu_apb1_clock_config                    0x08001c53   Thumb Code    22  gd32f1x0_rcu.o(.text)
    rcu_apb2_clock_config                    0x08001c69   Thumb Code    22  gd32f1x0_rcu.o(.text)
    rcu_adc_clock_config                     0x08001c7f   Thumb Code   148  gd32f1x0_rcu.o(.text)
    rcu_usbd_clock_config                    0x08001d13   Thumb Code    22  gd32f1x0_rcu.o(.text)
    rcu_ckout_config                         0x08001d29   Thumb Code    24  gd32f1x0_rcu.o(.text)
    rcu_pll_config                           0x08001d41   Thumb Code    28  gd32f1x0_rcu.o(.text)
    rcu_usart_clock_config                   0x08001d5d   Thumb Code    22  gd32f1x0_rcu.o(.text)
    rcu_cec_clock_config                     0x08001d73   Thumb Code    22  gd32f1x0_rcu.o(.text)
    rcu_rtc_clock_config                     0x08001d89   Thumb Code    22  gd32f1x0_rcu.o(.text)
    rcu_hxtal_prediv_config                  0x08001d9f   Thumb Code    20  gd32f1x0_rcu.o(.text)
    rcu_lxtal_drive_capability_config        0x08001db3   Thumb Code    22  gd32f1x0_rcu.o(.text)
    rcu_flag_get                             0x08001dc9   Thumb Code    30  gd32f1x0_rcu.o(.text)
    rcu_all_reset_flag_clear                 0x08001de7   Thumb Code    14  gd32f1x0_rcu.o(.text)
    rcu_interrupt_flag_get                   0x08001df5   Thumb Code    18  gd32f1x0_rcu.o(.text)
    rcu_interrupt_flag_clear                 0x08001e07   Thumb Code    12  gd32f1x0_rcu.o(.text)
    rcu_interrupt_enable                     0x08001e13   Thumb Code    12  gd32f1x0_rcu.o(.text)
    rcu_interrupt_disable                    0x08001e1f   Thumb Code    12  gd32f1x0_rcu.o(.text)
    rcu_osci_stab_wait                       0x08001e2b   Thumb Code   284  gd32f1x0_rcu.o(.text)
    rcu_osci_on                              0x08001f47   Thumb Code    28  gd32f1x0_rcu.o(.text)
    rcu_osci_off                             0x08001f63   Thumb Code    28  gd32f1x0_rcu.o(.text)
    rcu_osci_bypass_mode_enable              0x08001f7f   Thumb Code    94  gd32f1x0_rcu.o(.text)
    rcu_osci_bypass_mode_disable             0x08001fdd   Thumb Code    94  gd32f1x0_rcu.o(.text)
    rcu_hxtal_clock_monitor_enable           0x0800203b   Thumb Code    14  gd32f1x0_rcu.o(.text)
    rcu_hxtal_clock_monitor_disable          0x08002049   Thumb Code    14  gd32f1x0_rcu.o(.text)
    rcu_irc8m_adjust_value_set               0x08002057   Thumb Code    20  gd32f1x0_rcu.o(.text)
    rcu_irc14m_adjust_value_set              0x0800206b   Thumb Code    20  gd32f1x0_rcu.o(.text)
    rcu_voltage_key_unlock                   0x0800207f   Thumb Code    28  gd32f1x0_rcu.o(.text)
    rcu_deepsleep_voltage_set                0x0800209b   Thumb Code    30  gd32f1x0_rcu.o(.text)
    rcu_power_down_voltage_set               0x080020b9   Thumb Code    30  gd32f1x0_rcu.o(.text)
    rcu_clock_freq_get                       0x080020d7   Thumb Code   690  gd32f1x0_rcu.o(.text)
    timer_deinit                             0x08002391   Thumb Code   210  gd32f1x0_timer.o(.text)
    timer_struct_para_init                   0x08002463   Thumb Code    22  gd32f1x0_timer.o(.text)
    timer_init                               0x08002479   Thumb Code   150  gd32f1x0_timer.o(.text)
    timer_enable                             0x0800250f   Thumb Code    10  gd32f1x0_timer.o(.text)
    timer_disable                            0x08002519   Thumb Code    10  gd32f1x0_timer.o(.text)
    timer_auto_reload_shadow_enable          0x08002523   Thumb Code    10  gd32f1x0_timer.o(.text)
    timer_auto_reload_shadow_disable         0x0800252d   Thumb Code    10  gd32f1x0_timer.o(.text)
    timer_update_event_enable                0x08002537   Thumb Code    10  gd32f1x0_timer.o(.text)
    timer_update_event_disable               0x08002541   Thumb Code    10  gd32f1x0_timer.o(.text)
    timer_counter_alignment                  0x0800254b   Thumb Code    16  gd32f1x0_timer.o(.text)
    timer_counter_up_direction               0x0800255b   Thumb Code    10  gd32f1x0_timer.o(.text)
    timer_counter_down_direction             0x08002565   Thumb Code    10  gd32f1x0_timer.o(.text)
    timer_prescaler_config                   0x0800256f   Thumb Code    14  gd32f1x0_timer.o(.text)
    timer_repetition_value_config            0x0800257d   Thumb Code     4  gd32f1x0_timer.o(.text)
    timer_autoreload_value_config            0x08002581   Thumb Code     4  gd32f1x0_timer.o(.text)
    timer_counter_value_config               0x08002585   Thumb Code     4  gd32f1x0_timer.o(.text)
    timer_counter_read                       0x08002589   Thumb Code     8  gd32f1x0_timer.o(.text)
    timer_prescaler_read                     0x08002591   Thumb Code    10  gd32f1x0_timer.o(.text)
    timer_single_pulse_mode_config           0x0800259b   Thumb Code    26  gd32f1x0_timer.o(.text)
    timer_update_source_config               0x080025b5   Thumb Code    26  gd32f1x0_timer.o(.text)
    timer_ocpre_clear_source_config          0x080025cf   Thumb Code    26  gd32f1x0_timer.o(.text)
    timer_interrupt_enable                   0x080025e9   Thumb Code     8  gd32f1x0_timer.o(.text)
    timer_interrupt_disable                  0x080025f1   Thumb Code     8  gd32f1x0_timer.o(.text)
    timer_interrupt_flag_get                 0x080025f9   Thumb Code    24  gd32f1x0_timer.o(.text)
    timer_interrupt_flag_clear               0x08002611   Thumb Code     6  gd32f1x0_timer.o(.text)
    timer_flag_get                           0x08002617   Thumb Code    16  gd32f1x0_timer.o(.text)
    timer_flag_clear                         0x08002627   Thumb Code     6  gd32f1x0_timer.o(.text)
    timer_dma_enable                         0x0800262d   Thumb Code     8  gd32f1x0_timer.o(.text)
    timer_dma_disable                        0x08002635   Thumb Code     8  gd32f1x0_timer.o(.text)
    timer_channel_dma_request_source_select  0x0800263d   Thumb Code    26  gd32f1x0_timer.o(.text)
    timer_dma_transfer_config                0x08002657   Thumb Code    24  gd32f1x0_timer.o(.text)
    timer_event_software_generate            0x0800266f   Thumb Code     8  gd32f1x0_timer.o(.text)
    timer_break_struct_para_init             0x08002677   Thumb Code    18  gd32f1x0_timer.o(.text)
    timer_break_config                       0x08002689   Thumb Code    30  gd32f1x0_timer.o(.text)
    timer_break_enable                       0x080026a7   Thumb Code    10  gd32f1x0_timer.o(.text)
    timer_break_disable                      0x080026b1   Thumb Code    10  gd32f1x0_timer.o(.text)
    timer_automatic_output_enable            0x080026bb   Thumb Code    10  gd32f1x0_timer.o(.text)
    timer_automatic_output_disable           0x080026c5   Thumb Code    10  gd32f1x0_timer.o(.text)
    timer_primary_output_config              0x080026cf   Thumb Code    24  gd32f1x0_timer.o(.text)
    timer_channel_control_shadow_config      0x080026e7   Thumb Code    24  gd32f1x0_timer.o(.text)
    timer_channel_control_shadow_update_config 0x080026ff   Thumb Code    26  gd32f1x0_timer.o(.text)
    timer_channel_output_struct_para_init    0x08002719   Thumb Code    16  gd32f1x0_timer.o(.text)
    timer_channel_output_config              0x08002729   Thumb Code   530  gd32f1x0_timer.o(.text)
    timer_channel_output_mode_config         0x0800293b   Thumb Code    90  gd32f1x0_timer.o(.text)
    timer_channel_output_pulse_value_config  0x08002995   Thumb Code    38  gd32f1x0_timer.o(.text)
    timer_channel_output_shadow_config       0x080029bb   Thumb Code    90  gd32f1x0_timer.o(.text)
    timer_channel_output_fast_config         0x08002a15   Thumb Code    90  gd32f1x0_timer.o(.text)
    timer_channel_output_clear_config        0x08002a6f   Thumb Code    90  gd32f1x0_timer.o(.text)
    timer_channel_output_polarity_config     0x08002ac9   Thumb Code    92  gd32f1x0_timer.o(.text)
    timer_channel_complementary_output_polarity_config 0x08002b25   Thumb Code    92  gd32f1x0_timer.o(.text)
    timer_channel_output_state_config        0x08002b81   Thumb Code    92  gd32f1x0_timer.o(.text)
    timer_channel_complementary_output_state_config 0x08002bdd   Thumb Code    78  gd32f1x0_timer.o(.text)
    timer_channel_input_struct_para_init     0x08002c2b   Thumb Code    16  gd32f1x0_timer.o(.text)
    timer_channel_input_capture_prescaler_config 0x08002c3b   Thumb Code    90  gd32f1x0_timer.o(.text)
    timer_input_capture_config               0x08002c95   Thumb Code   326  gd32f1x0_timer.o(.text)
    timer_channel_capture_value_register_read 0x08002ddb   Thumb Code    42  gd32f1x0_timer.o(.text)
    timer_input_pwm_capture_config           0x08002e05   Thumb Code   356  gd32f1x0_timer.o(.text)
    timer_hall_mode_config                   0x08002f69   Thumb Code    26  gd32f1x0_timer.o(.text)
    timer_input_trigger_source_select        0x08002f83   Thumb Code    16  gd32f1x0_timer.o(.text)
    timer_master_output_trigger_source_select 0x08002f93   Thumb Code    16  gd32f1x0_timer.o(.text)
    timer_slave_mode_select                  0x08002fa3   Thumb Code    16  gd32f1x0_timer.o(.text)
    timer_master_slave_mode_config           0x08002fb3   Thumb Code    26  gd32f1x0_timer.o(.text)
    timer_external_trigger_config            0x08002fcd   Thumb Code    30  gd32f1x0_timer.o(.text)
    timer_quadrature_decoder_mode_config     0x08002feb   Thumb Code    64  gd32f1x0_timer.o(.text)
    timer_internal_clock_config              0x0800302b   Thumb Code    10  gd32f1x0_timer.o(.text)
    timer_internal_trigger_as_external_clock_config 0x08003035   Thumb Code    32  gd32f1x0_timer.o(.text)
    timer_external_trigger_as_external_clock_config 0x08003055   Thumb Code   166  gd32f1x0_timer.o(.text)
    timer_external_clock_mode0_config        0x080030fb   Thumb Code    40  gd32f1x0_timer.o(.text)
    timer_external_clock_mode1_config        0x08003123   Thumb Code    32  gd32f1x0_timer.o(.text)
    timer_external_clock_mode1_disable       0x08003143   Thumb Code    10  gd32f1x0_timer.o(.text)
    timer_channel_remap_config               0x0800314d   Thumb Code     4  gd32f1x0_timer.o(.text)
    Reset_Handler                            0x08003151   Thumb Code     8  startup_gd32f1x0.o(.text)
    NMI_Handler                              0x08003159   Thumb Code     2  startup_gd32f1x0.o(.text)
    HardFault_Handler                        0x0800315b   Thumb Code     2  startup_gd32f1x0.o(.text)
    MemManage_Handler                        0x0800315d   Thumb Code     2  startup_gd32f1x0.o(.text)
    BusFault_Handler                         0x0800315f   Thumb Code     2  startup_gd32f1x0.o(.text)
    UsageFault_Handler                       0x08003161   Thumb Code     2  startup_gd32f1x0.o(.text)
    SVC_Handler                              0x08003163   Thumb Code     2  startup_gd32f1x0.o(.text)
    DebugMon_Handler                         0x08003165   Thumb Code     2  startup_gd32f1x0.o(.text)
    PendSV_Handler                           0x08003167   Thumb Code     2  startup_gd32f1x0.o(.text)
    ADC_CMP_IRQHandler                       0x0800316b   Thumb Code     0  startup_gd32f1x0.o(.text)
    CAN0_RX0_IRQHandler                      0x0800316b   Thumb Code     0  startup_gd32f1x0.o(.text)
    CAN0_RX1_IRQHandler                      0x0800316b   Thumb Code     0  startup_gd32f1x0.o(.text)
    CAN0_SCE_IRQHandler                      0x0800316b   Thumb Code     0  startup_gd32f1x0.o(.text)
    CAN0_TX_IRQHandler                       0x0800316b   Thumb Code     0  startup_gd32f1x0.o(.text)
    CAN1_RX0_IRQHandler                      0x0800316b   Thumb Code     0  startup_gd32f1x0.o(.text)
    CAN1_RX1_IRQHandler                      0x0800316b   Thumb Code     0  startup_gd32f1x0.o(.text)
    CAN1_SCE_IRQHandler                      0x0800316b   Thumb Code     0  startup_gd32f1x0.o(.text)
    CAN1_TX_IRQHandler                       0x0800316b   Thumb Code     0  startup_gd32f1x0.o(.text)
    CEC_IRQHandler                           0x0800316b   Thumb Code     0  startup_gd32f1x0.o(.text)
    DMA_Channel1_2_IRQHandler                0x0800316b   Thumb Code     0  startup_gd32f1x0.o(.text)
    DMA_Channel3_4_IRQHandler                0x0800316b   Thumb Code     0  startup_gd32f1x0.o(.text)
    DMA_Channel5_6_IRQHandler                0x0800316b   Thumb Code     0  startup_gd32f1x0.o(.text)
    EXTI0_1_IRQHandler                       0x0800316b   Thumb Code     0  startup_gd32f1x0.o(.text)
    EXTI2_3_IRQHandler                       0x0800316b   Thumb Code     0  startup_gd32f1x0.o(.text)
    EXTI4_15_IRQHandler                      0x0800316b   Thumb Code     0  startup_gd32f1x0.o(.text)
    FMC_IRQHandler                           0x0800316b   Thumb Code     0  startup_gd32f1x0.o(.text)
    I2C0_ER_IRQHandler                       0x0800316b   Thumb Code     0  startup_gd32f1x0.o(.text)
    I2C0_EV_IRQHandler                       0x0800316b   Thumb Code     0  startup_gd32f1x0.o(.text)
    I2C1_ER_IRQHandler                       0x0800316b   Thumb Code     0  startup_gd32f1x0.o(.text)
    I2C1_EV_IRQHandler                       0x0800316b   Thumb Code     0  startup_gd32f1x0.o(.text)
    I2C2_ER_IRQHandler                       0x0800316b   Thumb Code     0  startup_gd32f1x0.o(.text)
    I2C2_EV_IRQHandler                       0x0800316b   Thumb Code     0  startup_gd32f1x0.o(.text)
    LVD_IRQHandler                           0x0800316b   Thumb Code     0  startup_gd32f1x0.o(.text)
    RCU_IRQHandler                           0x0800316b   Thumb Code     0  startup_gd32f1x0.o(.text)
    RTC_IRQHandler                           0x0800316b   Thumb Code     0  startup_gd32f1x0.o(.text)
    SLCD_IRQHandler                          0x0800316b   Thumb Code     0  startup_gd32f1x0.o(.text)
    SPI0_IRQHandler                          0x0800316b   Thumb Code     0  startup_gd32f1x0.o(.text)
    SPI1_IRQHandler                          0x0800316b   Thumb Code     0  startup_gd32f1x0.o(.text)
    SPI2_IRQHandler                          0x0800316b   Thumb Code     0  startup_gd32f1x0.o(.text)
    TIMER0_Channel_IRQHandler                0x0800316b   Thumb Code     0  startup_gd32f1x0.o(.text)
    TIMER13_IRQHandler                       0x0800316b   Thumb Code     0  startup_gd32f1x0.o(.text)
    TIMER14_IRQHandler                       0x0800316b   Thumb Code     0  startup_gd32f1x0.o(.text)
    TIMER15_IRQHandler                       0x0800316b   Thumb Code     0  startup_gd32f1x0.o(.text)
    TIMER16_IRQHandler                       0x0800316b   Thumb Code     0  startup_gd32f1x0.o(.text)
    TIMER1_IRQHandler                        0x0800316b   Thumb Code     0  startup_gd32f1x0.o(.text)
    TIMER2_IRQHandler                        0x0800316b   Thumb Code     0  startup_gd32f1x0.o(.text)
    TIMER5_DAC_IRQHandler                    0x0800316b   Thumb Code     0  startup_gd32f1x0.o(.text)
    TSI_IRQHandler                           0x0800316b   Thumb Code     0  startup_gd32f1x0.o(.text)
    USART0_IRQHandler                        0x0800316b   Thumb Code     0  startup_gd32f1x0.o(.text)
    USART1_IRQHandler                        0x0800316b   Thumb Code     0  startup_gd32f1x0.o(.text)
    USBDWakeUp_IRQHandler                    0x0800316b   Thumb Code     0  startup_gd32f1x0.o(.text)
    USBD_HP_IRQHandler                       0x0800316b   Thumb Code     0  startup_gd32f1x0.o(.text)
    USBD_LP_IRQHandler                       0x0800316b   Thumb Code     0  startup_gd32f1x0.o(.text)
    WWDGT_IRQHandler                         0x0800316b   Thumb Code     0  startup_gd32f1x0.o(.text)
    __user_initial_stackheap                 0x0800316d   Thumb Code    10  startup_gd32f1x0.o(.text)
    SystemInit                               0x08003203   Thumb Code   118  system_gd32f1x0.o(.text)
    SystemCoreClockUpdate                    0x08003279   Thumb Code   208  system_gd32f1x0.o(.text)
    __use_two_region_memory                  0x0800337d   Thumb Code     2  heapauxi.o(.text)
    __rt_heap_escrow$2region                 0x0800337f   Thumb Code     2  heapauxi.o(.text)
    __rt_heap_expand$2region                 0x08003381   Thumb Code     2  heapauxi.o(.text)
    __user_setup_stackheap                   0x08003383   Thumb Code    74  sys_stackheap_outer.o(.text)
    exit                                     0x080033cd   Thumb Code    18  exit.o(.text)
    __user_libspace                          0x080033e1   Thumb Code     8  libspace.o(.text)
    __user_perproc_libspace                  0x080033e1   Thumb Code     0  libspace.o(.text)
    __user_perthread_libspace                0x080033e1   Thumb Code     0  libspace.o(.text)
    _sys_exit                                0x080033e9   Thumb Code     8  sys_exit.o(.text)
    __I$use$semihosting                      0x080033f5   Thumb Code     0  use_no_semi.o(.text)
    __use_no_semihosting_swi                 0x080033f5   Thumb Code     2  use_no_semi.o(.text)
    __semihosting_library_function           0x080033f7   Thumb Code     0  indicate_semi.o(.text)
    enginePOV                                0x080033f7   Thumb Code   106  bldc.o(i.enginePOV)
    pwm_res                                  0x08003460   Data           2  bldc.o(.constdata)
    hall_to_pos                              0x08003462   Data           8  bldc.o(.constdata)
    Region$$Table$$Base                      0x0800346c   Number         0  anon$$obj.o(Region$$Table)
    Region$$Table$$Limit                     0x0800348c   Number         0  anon$$obj.o(Region$$Table)
    bldc_inputFilterPwm                      0x20000000   Data           2  bldc.o(.data)
    bldc_enable                              0x20000002   Data           1  bldc.o(.data)
    hall_a                                   0x20000003   Data           1  bldc.o(.data)
    hall_b                                   0x20000004   Data           1  bldc.o(.data)
    hall_c                                   0x20000005   Data           1  bldc.o(.data)
    hall                                     0x20000006   Data           1  bldc.o(.data)
    pos                                      0x20000007   Data           1  bldc.o(.data)
    lastPos                                  0x20000008   Data           1  bldc.o(.data)
    bldc_outputFilterPwm                     0x2000000a   Data           2  bldc.o(.data)
    filter_reg                               0x2000000c   Data           4  bldc.o(.data)
    speedcount                               0x20000010   Data           4  bldc.o(.data)
    speedtick                                0x20000014   Data           4  bldc.o(.data)
    msTicks                                  0x20000018   Data           4  framework.o(.data)
    fw_adc                                   0x2000001c   Data           2  framework.o(.data)
    SystemCoreClock                          0x20000020   Data           4  system_gd32f1x0.o(.data)
    dma_init_struct_adc                      0x20000024   Data          36  framework.o(.bss)
    timerBldc_paramter_struct                0x20000048   Data          16  framework.o(.bss)
    timerBldc_break_parameter_struct         0x20000058   Data          24  framework.o(.bss)
    timerBldc_oc_parameter_struct            0x20000070   Data          16  framework.o(.bss)
    __libspace_start                         0x20000080   Data          96  libspace.o(.bss)
    __temporary_stack_top$libspace           0x200000e0   Data           0  libspace.o(.bss)



==============================================================================

Memory Map of the image

  Image Entry point : 0x08000169

  Load Region LR_IROM1 (Base: 0x08000000, Size: 0x000034b0, Max: 0x00010000, ABSOLUTE)

    Execution Region ER_IROM1 (Exec base: 0x08000000, Load base: 0x08000000, Size: 0x0000348c, Max: 0x00010000, ABSOLUTE)

    Exec Addr    Load Addr    Size         Type   Attr      Idx    E Section Name        Object

    0x08000000   0x08000000   0x00000168   Data   RO          462    RESET               startup_gd32f1x0.o
    0x08000168   0x08000168   0x00000008   Code   RO          501  * !!!main             c_w.l(__main.o)
    0x08000170   0x08000170   0x00000034   Code   RO          660    !!!scatter          c_w.l(__scatter.o)
    0x080001a4   0x080001a4   0x0000001a   Code   RO          662    !!handler_copy      c_w.l(__scatter_copy.o)
    0x080001be   0x080001be   0x00000002   PAD
    0x080001c0   0x080001c0   0x0000001c   Code   RO          664    !!handler_zi        c_w.l(__scatter_zi.o)
    0x080001dc   0x080001dc   0x00000002   Code   RO          528    .ARM.Collect$$libinit$$00000000  c_w.l(libinit.o)
    0x080001de   0x080001de   0x00000000   Code   RO          535    .ARM.Collect$$libinit$$00000002  c_w.l(libinit2.o)
    0x080001de   0x080001de   0x00000000   Code   RO          537    .ARM.Collect$$libinit$$00000004  c_w.l(libinit2.o)
    0x080001de   0x080001de   0x00000000   Code   RO          540    .ARM.Collect$$libinit$$0000000A  c_w.l(libinit2.o)
    0x080001de   0x080001de   0x00000000   Code   RO          542    .ARM.Collect$$libinit$$0000000C  c_w.l(libinit2.o)
    0x080001de   0x080001de   0x00000000   Code   RO          544    .ARM.Collect$$libinit$$0000000E  c_w.l(libinit2.o)
    0x080001de   0x080001de   0x00000000   Code   RO          547    .ARM.Collect$$libinit$$00000011  c_w.l(libinit2.o)
    0x080001de   0x080001de   0x00000000   Code   RO          549    .ARM.Collect$$libinit$$00000013  c_w.l(libinit2.o)
    0x080001de   0x080001de   0x00000000   Code   RO          551    .ARM.Collect$$libinit$$00000015  c_w.l(libinit2.o)
    0x080001de   0x080001de   0x00000000   Code   RO          553    .ARM.Collect$$libinit$$00000017  c_w.l(libinit2.o)
    0x080001de   0x080001de   0x00000000   Code   RO          555    .ARM.Collect$$libinit$$00000019  c_w.l(libinit2.o)
    0x080001de   0x080001de   0x00000000   Code   RO          557    .ARM.Collect$$libinit$$0000001B  c_w.l(libinit2.o)
    0x080001de   0x080001de   0x00000000   Code   RO          559    .ARM.Collect$$libinit$$0000001D  c_w.l(libinit2.o)
    0x080001de   0x080001de   0x00000000   Code   RO          561    .ARM.Collect$$libinit$$0000001F  c_w.l(libinit2.o)
    0x080001de   0x080001de   0x00000000   Code   RO          563    .ARM.Collect$$libinit$$00000021  c_w.l(libinit2.o)
    0x080001de   0x080001de   0x00000000   Code   RO          565    .ARM.Collect$$libinit$$00000023  c_w.l(libinit2.o)
    0x080001de   0x080001de   0x00000000   Code   RO          567    .ARM.Collect$$libinit$$00000025  c_w.l(libinit2.o)
    0x080001de   0x080001de   0x00000000   Code   RO          571    .ARM.Collect$$libinit$$0000002C  c_w.l(libinit2.o)
    0x080001de   0x080001de   0x00000000   Code   RO          573    .ARM.Collect$$libinit$$0000002E  c_w.l(libinit2.o)
    0x080001de   0x080001de   0x00000000   Code   RO          575    .ARM.Collect$$libinit$$00000030  c_w.l(libinit2.o)
    0x080001de   0x080001de   0x00000000   Code   RO          577    .ARM.Collect$$libinit$$00000032  c_w.l(libinit2.o)
    0x080001de   0x080001de   0x00000002   Code   RO          578    .ARM.Collect$$libinit$$00000033  c_w.l(libinit2.o)
    0x080001e0   0x080001e0   0x00000002   Code   RO          598    .ARM.Collect$$libshutdown$$00000000  c_w.l(libshutdown.o)
    0x080001e2   0x080001e2   0x00000000   Code   RO          611    .ARM.Collect$$libshutdown$$00000002  c_w.l(libshutdown2.o)
    0x080001e2   0x080001e2   0x00000000   Code   RO          613    .ARM.Collect$$libshutdown$$00000004  c_w.l(libshutdown2.o)
    0x080001e2   0x080001e2   0x00000000   Code   RO          615    .ARM.Collect$$libshutdown$$00000006  c_w.l(libshutdown2.o)
    0x080001e2   0x080001e2   0x00000000   Code   RO          618    .ARM.Collect$$libshutdown$$00000009  c_w.l(libshutdown2.o)
    0x080001e2   0x080001e2   0x00000000   Code   RO          621    .ARM.Collect$$libshutdown$$0000000C  c_w.l(libshutdown2.o)
    0x080001e2   0x080001e2   0x00000000   Code   RO          623    .ARM.Collect$$libshutdown$$0000000E  c_w.l(libshutdown2.o)
    0x080001e2   0x080001e2   0x00000000   Code   RO          626    .ARM.Collect$$libshutdown$$00000011  c_w.l(libshutdown2.o)
    0x080001e2   0x080001e2   0x00000002   Code   RO          627    .ARM.Collect$$libshutdown$$00000012  c_w.l(libshutdown2.o)
    0x080001e4   0x080001e4   0x00000000   Code   RO          503    .ARM.Collect$$rtentry$$00000000  c_w.l(__rtentry.o)
    0x080001e4   0x080001e4   0x00000000   Code   RO          505    .ARM.Collect$$rtentry$$00000002  c_w.l(__rtentry2.o)
    0x080001e4   0x080001e4   0x00000006   Code   RO          517    .ARM.Collect$$rtentry$$00000004  c_w.l(__rtentry4.o)
    0x080001ea   0x080001ea   0x00000000   Code   RO          507    .ARM.Collect$$rtentry$$00000009  c_w.l(__rtentry2.o)
    0x080001ea   0x080001ea   0x00000004   Code   RO          508    .ARM.Collect$$rtentry$$0000000A  c_w.l(__rtentry2.o)
    0x080001ee   0x080001ee   0x00000000   Code   RO          510    .ARM.Collect$$rtentry$$0000000C  c_w.l(__rtentry2.o)
    0x080001ee   0x080001ee   0x00000008   Code   RO          511    .ARM.Collect$$rtentry$$0000000D  c_w.l(__rtentry2.o)
    0x080001f6   0x080001f6   0x00000002   Code   RO          532    .ARM.Collect$$rtexit$$00000000  c_w.l(rtexit.o)
    0x080001f8   0x080001f8   0x00000000   Code   RO          580    .ARM.Collect$$rtexit$$00000002  c_w.l(rtexit2.o)
    0x080001f8   0x080001f8   0x00000004   Code   RO          581    .ARM.Collect$$rtexit$$00000003  c_w.l(rtexit2.o)
    0x080001fc   0x080001fc   0x00000006   Code   RO          582    .ARM.Collect$$rtexit$$00000004  c_w.l(rtexit2.o)
    0x08000202   0x08000202   0x00000002   PAD
    0x08000204   0x08000204   0x00000058   Code   RO            4    .text               main.o
    0x0800025c   0x0800025c   0x00000208   Code   RO          105    .text               bldc.o
    0x08000464   0x08000464   0x0000074c   Code   RO          157    .text               framework.o
    0x08000bb0   0x08000bb0   0x000006a0   Code   RO          195    .text               gd32f1x0_adc.o
    0x08001250   0x08001250   0x000004cc   Code   RO          243    .text               gd32f1x0_dma.o
    0x0800171c   0x0800171c   0x000000cc   Code   RO          267    .text               gd32f1x0_fwdgt.o
    0x080017e8   0x080017e8   0x000001dc   Code   RO          291    .text               gd32f1x0_gpio.o
    0x080019c4   0x080019c4   0x00000124   Code   RO          315    .text               gd32f1x0_misc.o
    0x08001ae8   0x08001ae8   0x000008a8   Code   RO          367    .text               gd32f1x0_rcu.o
    0x08002390   0x08002390   0x00000dc0   Code   RO          415    .text               gd32f1x0_timer.o
    0x08003150   0x08003150   0x00000040   Code   RO          463    .text               startup_gd32f1x0.o
    0x08003190   0x08003190   0x000001ec   Code   RO          470    .text               system_gd32f1x0.o
    0x0800337c   0x0800337c   0x00000006   Code   RO          499    .text               c_w.l(heapauxi.o)
    0x08003382   0x08003382   0x0000004a   Code   RO          519    .text               c_w.l(sys_stackheap_outer.o)
    0x080033cc   0x080033cc   0x00000012   Code   RO          521    .text               c_w.l(exit.o)
    0x080033de   0x080033de   0x00000002   PAD
    0x080033e0   0x080033e0   0x00000008   Code   RO          529    .text               c_w.l(libspace.o)
    0x080033e8   0x080033e8   0x0000000c   Code   RO          590    .text               c_w.l(sys_exit.o)
    0x080033f4   0x080033f4   0x00000002   Code   RO          601    .text               c_w.l(use_no_semi.o)
    0x080033f6   0x080033f6   0x00000000   Code   RO          603    .text               c_w.l(indicate_semi.o)
    0x080033f6   0x080033f6   0x0000006a   Code   RO          127    i.enginePOV         bldc.o
    0x08003460   0x08003460   0x0000000a   Data   RO          106    .constdata          bldc.o
    0x0800346a   0x0800346a   0x00000002   PAD
    0x0800346c   0x0800346c   0x00000020   Data   RO          658    Region$$Table       anon$$obj.o


    Execution Region RW_IRAM1 (Exec base: 0x20000000, Load base: 0x0800348c, Size: 0x000008e0, Max: 0x00002000, ABSOLUTE)

    Exec Addr    Load Addr    Size         Type   Attr      Idx    E Section Name        Object

    0x20000000   0x0800348c   0x00000018   Data   RW          107    .data               bldc.o
    0x20000018   0x080034a4   0x00000006   Data   RW          159    .data               framework.o
    0x2000001e   0x080034aa   0x00000002   PAD
    0x20000020   0x080034ac   0x00000004   Data   RW          471    .data               system_gd32f1x0.o
    0x20000024        -       0x0000005c   Zero   RW          158    .bss                framework.o
    0x20000080        -       0x00000060   Zero   RW          530    .bss                c_w.l(libspace.o)
    0x200000e0        -       0x00000400   Zero   RW          461    HEAP                startup_gd32f1x0.o
    0x200004e0        -       0x00000400   Zero   RW          460    STACK               startup_gd32f1x0.o


==============================================================================

Image component sizes


      Code (inc. data)   RO Data    RW Data    ZI Data      Debug   Object Name

       626         70         10         24          0       2752   bldc.o
      1868         82          0          6         92      30558   framework.o
      1696         20          0          0          0       6917   gd32f1x0_adc.o
      1228          8          0          0          0       6372   gd32f1x0_dma.o
       204         10          0          0          0       1718   gd32f1x0_fwdgt.o
       476         10          0          0          0       3673   gd32f1x0_gpio.o
       292         22          0          0          0       1793   gd32f1x0_misc.o
      2216         90          0          0          0       9204   gd32f1x0_rcu.o
      3520         34          0          0          0      18423   gd32f1x0_timer.o
        88          4          0          0          0      50856   main.o
        64         26        360          0       2048        840   startup_gd32f1x0.o
       492         52          0          4          0       1865   system_gd32f1x0.o

    ----------------------------------------------------------------------
     12770        428        404         36       2140     134971   Object Totals
         0          0         32          0          0          0   (incl. Generated)
         0          0          2          2          0          0   (incl. Padding)

    ----------------------------------------------------------------------

      Code (inc. data)   RO Data    RW Data    ZI Data      Debug   Library Member Name

         8          0          0          0          0         68   __main.o
         0          0          0          0          0          0   __rtentry.o
        12          0          0          0          0          0   __rtentry2.o
         6          0          0          0          0          0   __rtentry4.o
        52          8          0          0          0          0   __scatter.o
        26          0          0          0          0          0   __scatter_copy.o
        28          0          0          0          0          0   __scatter_zi.o
        18          0          0          0          0         80   exit.o
         6          0          0          0          0        152   heapauxi.o
         0          0          0          0          0          0   indicate_semi.o
         2          0          0          0          0          0   libinit.o
         2          0          0          0          0          0   libinit2.o
         2          0          0          0          0          0   libshutdown.o
         2          0          0          0          0          0   libshutdown2.o
         8          4          0          0         96         68   libspace.o
         2          0          0          0          0          0   rtexit.o
        10          0          0          0          0          0   rtexit2.o
        12          4          0          0          0         68   sys_exit.o
        74          0          0          0          0         80   sys_stackheap_outer.o
         2          0          0          0          0         68   use_no_semi.o

    ----------------------------------------------------------------------
       278         16          0          0         96        584   Library Totals
         6          0          0          0          0          0   (incl. Padding)

    ----------------------------------------------------------------------

      Code (inc. data)   RO Data    RW Data    ZI Data      Debug   Library Name

       272         16          0          0         96        584   c_w.l

    ----------------------------------------------------------------------
       278         16          0          0         96        584   Library Totals

    ----------------------------------------------------------------------

==============================================================================


      Code (inc. data)   RO Data    RW Data    ZI Data      Debug   

     13048        444        404         36       2236     134043   Grand Totals
     13048        444        404         36       2236     134043   ELF Image Totals
     13048        444        404         36          0          0   ROM Totals

==============================================================================

    Total RO  Size (Code + RO Data)                13452 (  13.14kB)
    Total RW  Size (RW Data + ZI Data)              2272 (   2.22kB)
    Total ROM Size (Code + RO Data + RW Data)      13488 (  13.17kB)

==============================================================================

